Component: ARM Compiler 5.05 update 2 (build 169) Tool: armlink [4d0f33]

==============================================================================

Section Cross References

    main.o(.text) refers to stm32f10x_rcc.o(.text) for RCC_APB2PeriphClockCmd
    main.o(.text) refers to stm32f10x_gpio.o(.text) for GPIO_PinRemapConfig
    main.o(.text) refers to fc_init.o(.text) for Fly_Control_Init
    main.o(.text) refers to fc_scheduler.o(.text) for Fc_Task_Loop
    system_stm32f10x.o(.text) refers to stm32f10x_rcc.o(.text) for RCC_PLLConfig
    system_stm32f10x.o(.text) refers to system_stm32f10x.o(.data) for SystemCoreClock
    startup_stm32f10x_hd.o(STACK) refers (Special) to heapauxi.o(.text) for __use_two_region_memory
    startup_stm32f10x_hd.o(HEAP) refers (Special) to heapauxi.o(.text) for __use_two_region_memory
    startup_stm32f10x_hd.o(RESET) refers (Special) to heapauxi.o(.text) for __use_two_region_memory
    startup_stm32f10x_hd.o(RESET) refers to startup_stm32f10x_hd.o(STACK) for __initial_sp
    startup_stm32f10x_hd.o(RESET) refers to startup_stm32f10x_hd.o(.text) for Reset_Handler
    startup_stm32f10x_hd.o(RESET) refers to stm32f10x_it.o(.text) for NMI_Handler
    startup_stm32f10x_hd.o(RESET) refers to fc_systream_time.o(.text) for SysTick_Handler
    startup_stm32f10x_hd.o(RESET) refers to device_uart.o(.text) for UART4_IRQHandler
    startup_stm32f10x_hd.o(.text) refers (Special) to heapauxi.o(.text) for __use_two_region_memory
    startup_stm32f10x_hd.o(.text) refers to system_stm32f10x.o(.text) for SystemInit
    startup_stm32f10x_hd.o(.text) refers to __main.o(!!!main) for __main
    startup_stm32f10x_hd.o(.text) refers to startup_stm32f10x_hd.o(HEAP) for Heap_Mem
    startup_stm32f10x_hd.o(.text) refers to startup_stm32f10x_hd.o(STACK) for Stack_Mem
    stm32f10x_adc.o(.text) refers to stm32f10x_rcc.o(.text) for RCC_APB2PeriphResetCmd
    stm32f10x_bkp.o(.text) refers to stm32f10x_rcc.o(.text) for RCC_BackupResetCmd
    stm32f10x_can.o(.text) refers to stm32f10x_rcc.o(.text) for RCC_APB1PeriphResetCmd
    stm32f10x_cec.o(.text) refers to stm32f10x_rcc.o(.text) for RCC_APB1PeriphResetCmd
    stm32f10x_dac.o(.text) refers to stm32f10x_rcc.o(.text) for RCC_APB1PeriphResetCmd
    stm32f10x_gpio.o(.text) refers to stm32f10x_rcc.o(.text) for RCC_APB2PeriphResetCmd
    stm32f10x_i2c.o(.text) refers to stm32f10x_rcc.o(.text) for RCC_APB1PeriphResetCmd
    stm32f10x_pwr.o(.text) refers to stm32f10x_rcc.o(.text) for RCC_APB1PeriphResetCmd
    stm32f10x_rcc.o(.text) refers to stm32f10x_rcc.o(.data) for APBAHBPrescTable
    stm32f10x_spi.o(.text) refers to stm32f10x_rcc.o(.text) for RCC_APB2PeriphResetCmd
    stm32f10x_tim.o(.text) refers to stm32f10x_rcc.o(.text) for RCC_APB2PeriphResetCmd
    stm32f10x_usart.o(.text) refers to stm32f10x_rcc.o(.text) for RCC_APB2PeriphResetCmd
    stm32f10x_wwdg.o(.text) refers to stm32f10x_rcc.o(.text) for RCC_APB1PeriphResetCmd
    algorithm_ahrs.o(.text) refers to fmul.o(x$fpl$fmul) for __aeabi_fmul
    algorithm_ahrs.o(.text) refers to faddsub_clz.o(x$fpl$fadd) for __aeabi_fadd
    algorithm_ahrs.o(.text) refers to mymath.o(.text) for my_sqrt
    algorithm_ahrs.o(.text) refers to fdiv.o(x$fpl$fdiv) for __aeabi_fdiv
    algorithm_ahrs.o(.text) refers to faddsub_clz.o(x$fpl$frsb) for __aeabi_frsub
    algorithm_ahrs.o(.text) refers to faddsub_clz.o(x$fpl$fsub) for __aeabi_fsub
    algorithm_ahrs.o(.text) refers to fc_scheduler.o(.bss) for g_FlyControlDataStruct
    algorithm_ahrs.o(.text) refers to filter.o(.text) for limit_filter
    algorithm_ahrs.o(.text) refers to f2d.o(x$fpl$f2d) for __aeabi_f2d
    algorithm_ahrs.o(.text) refers to asin.o(i.asin) for asin
    algorithm_ahrs.o(.text) refers to dmul.o(x$fpl$dmul) for __aeabi_dmul
    algorithm_ahrs.o(.text) refers to d2f.o(x$fpl$d2f) for __aeabi_d2f
    algorithm_ahrs.o(.text) refers to algorithm_ahrs.o(.data) for err_lf_x
    algorithm_ahrs.o(.text) refers to algorithm_ahrs.o(.bss) for vec_err_i
    fc_seedestimated.o(.text) refers to device_mpc2520.o(.text) for user_spl0601_get
    fc_seedestimated.o(.text) refers to ffix.o(x$fpl$ffix) for __aeabi_f2iz
    fc_seedestimated.o(.text) refers to feqf.o(x$fpl$feqf) for __aeabi_cfcmpeq
    fc_seedestimated.o(.text) refers to fflt_clz.o(x$fpl$fflt) for __aeabi_i2f
    fc_seedestimated.o(.text) refers to fdiv.o(x$fpl$fdiv) for __aeabi_fdiv
    fc_seedestimated.o(.text) refers to filter.o(.text) for Moving_Average
    fc_seedestimated.o(.text) refers to fmul.o(x$fpl$fmul) for __aeabi_fmul
    fc_seedestimated.o(.text) refers to faddsub_clz.o(x$fpl$frsb) for __aeabi_frsub
    fc_seedestimated.o(.text) refers to fleqf.o(x$fpl$fleqf) for __aeabi_cfcmple
    fc_seedestimated.o(.text) refers to frleqf.o(x$fpl$frleqf) for __aeabi_cfrcmple
    fc_seedestimated.o(.text) refers to faddsub_clz.o(x$fpl$fsub) for __aeabi_fsub
    fc_seedestimated.o(.text) refers to faddsub_clz.o(x$fpl$fadd) for __aeabi_fadd
[...]
    NVIC_Init                                0x0800046b   Thumb Code   100  misc.o(.text)
    NVIC_SetVectorTable                      0x080004cf   Thumb Code    14  misc.o(.text)
    NVIC_SystemLPConfig                      0x080004dd   Thumb Code    34  misc.o(.text)
    SysTick_CLKSourceConfig                  0x080004ff   Thumb Code    40  misc.o(.text)
    ADC_DeInit                               0x0800053d   Thumb Code    78  stm32f10x_adc.o(.text)
    ADC_Init                                 0x0800058b   Thumb Code    70  stm32f10x_adc.o(.text)
    ADC_StructInit                           0x080005d1   Thumb Code    18  stm32f10x_adc.o(.text)
    ADC_Cmd                                  0x080005e3   Thumb Code    22  stm32f10x_adc.o(.text)
    ADC_DMACmd                               0x080005f9   Thumb Code    22  stm32f10x_adc.o(.text)
    ADC_ITConfig                             0x0800060f   Thumb Code    24  stm32f10x_adc.o(.text)
    ADC_ResetCalibration                     0x08000627   Thumb Code    10  stm32f10x_adc.o(.text)
    ADC_GetResetCalibrationStatus            0x08000631   Thumb Code    20  stm32f10x_adc.o(.text)
    ADC_StartCalibration                     0x08000645   Thumb Code    10  stm32f10x_adc.o(.text)
    ADC_GetCalibrationStatus                 0x0800064f   Thumb Code    20  stm32f10x_adc.o(.text)
    ADC_SoftwareStartConvCmd                 0x08000663   Thumb Code    22  stm32f10x_adc.o(.text)
    ADC_GetSoftwareStartConvStatus           0x08000679   Thumb Code    20  stm32f10x_adc.o(.text)
    ADC_DiscModeChannelCountConfig           0x0800068d   Thumb Code    24  stm32f10x_adc.o(.text)
    ADC_DiscModeCmd                          0x080006a5   Thumb Code    22  stm32f10x_adc.o(.text)
    ADC_RegularChannelConfig                 0x080006bb   Thumb Code   184  stm32f10x_adc.o(.text)
    ADC_ExternalTrigConvCmd                  0x08000773   Thumb Code    22  stm32f10x_adc.o(.text)
    ADC_GetConversionValue                   0x08000789   Thumb Code     8  stm32f10x_adc.o(.text)
    ADC_GetDualModeConversionValue           0x08000791   Thumb Code     8  stm32f10x_adc.o(.text)
    ADC_AutoInjectedConvCmd                  0x08000799   Thumb Code    22  stm32f10x_adc.o(.text)
    ADC_InjectedDiscModeCmd                  0x080007af   Thumb Code    22  stm32f10x_adc.o(.text)
    ADC_ExternalTrigInjectedConvConfig       0x080007c5   Thumb Code    16  stm32f10x_adc.o(.text)
    ADC_ExternalTrigInjectedConvCmd          0x080007d5   Thumb Code    22  stm32f10x_adc.o(.text)
    ADC_SoftwareStartInjectedConvCmd         0x080007eb   Thumb Code    22  stm32f10x_adc.o(.text)
    ADC_GetSoftwareStartInjectedConvCmdStatus 0x08000801   Thumb Code    20  stm32f10x_adc.o(.text)
    ADC_InjectedChannelConfig                0x08000815   Thumb Code   130  stm32f10x_adc.o(.text)
    ADC_InjectedSequencerLengthConfig        0x08000897   Thumb Code    24  stm32f10x_adc.o(.text)
    ADC_SetInjectedOffset                    0x080008af   Thumb Code    20  stm32f10x_adc.o(.text)
    ADC_GetInjectedConversionValue           0x080008c3   Thumb Code    28  stm32f10x_adc.o(.text)
    ADC_AnalogWatchdogCmd                    0x080008df   Thumb Code    16  stm32f10x_adc.o(.text)
    ADC_AnalogWatchdogThresholdsConfig       0x080008ef   Thumb Code     6  stm32f10x_adc.o(.text)
    ADC_AnalogWatchdogSingleChannelConfig    0x080008f5   Thumb Code    16  stm32f10x_adc.o(.text)
    ADC_TempSensorVrefintCmd                 0x08000905   Thumb Code    64  stm32f10x_adc.o(.text)
    ADC_GetFlagStatus                        0x08000945   Thumb Code    18  stm32f10x_adc.o(.text)
    ADC_ClearFlag                            0x08000957   Thumb Code     6  stm32f10x_adc.o(.text)
    ADC_GetITStatus                          0x0800095d   Thumb Code    36  stm32f10x_adc.o(.text)
    ADC_ClearITPendingBit                    0x08000981   Thumb Code    10  stm32f10x_adc.o(.text)
    DMA_DeInit                               0x0800098d   Thumb Code   324  stm32f10x_dma.o(.text)
    DMA_Init                                 0x08000ad1   Thumb Code    60  stm32f10x_dma.o(.text)
    DMA_StructInit                           0x08000b0d   Thumb Code    26  stm32f10x_dma.o(.text)
    DMA_Cmd                                  0x08000b27   Thumb Code    24  stm32f10x_dma.o(.text)
    DMA_ITConfig                             0x08000b3f   Thumb Code    18  stm32f10x_dma.o(.text)
    DMA_SetCurrDataCounter                   0x08000b51   Thumb Code     4  stm32f10x_dma.o(.text)
    DMA_GetCurrDataCounter                   0x08000b55   Thumb Code     8  stm32f10x_dma.o(.text)
    DMA_GetFlagStatus                        0x08000b5d   Thumb Code    40  stm32f10x_dma.o(.text)
    DMA_ClearFlag                            0x08000b85   Thumb Code    22  stm32f10x_dma.o(.text)
    DMA_GetITStatus                          0x08000b9b   Thumb Code    40  stm32f10x_dma.o(.text)
    DMA_ClearITPendingBit                    0x08000bc3   Thumb Code    22  stm32f10x_dma.o(.text)
    FLASH_SetLatency                         0x08000be1   Thumb Code    18  stm32f10x_flash.o(.text)
    FLASH_HalfCycleAccessCmd                 0x08000bf3   Thumb Code    22  stm32f10x_flash.o(.text)
    FLASH_PrefetchBufferCmd                  0x08000c09   Thumb Code    22  stm32f10x_flash.o(.text)
    FLASH_Unlock                             0x08000c1f   Thumb Code    12  stm32f10x_flash.o(.text)
    FLASH_UnlockBank1                        0x08000c2b   Thumb Code    12  stm32f10x_flash.o(.text)
    FLASH_Lock                               0x08000c37   Thumb Code    14  stm32f10x_flash.o(.text)
    FLASH_LockBank1                          0x08000c45   Thumb Code    14  stm32f10x_flash.o(.text)
    FLASH_GetBank1Status                     0x08000c53   Thumb Code    48  stm32f10x_flash.o(.text)
    FLASH_WaitForLastOperation               0x08000c83   Thumb Code    38  stm32f10x_flash.o(.text)
    FLASH_ErasePage                          0x08000ca9   Thumb Code    72  stm32f10x_flash.o(.text)
    FLASH_EraseAllPages                      0x08000cf1   Thumb Code    68  stm32f10x_flash.o(.text)
    FLASH_WaitForLastBank1Operation          0x08000d35   Thumb Code    38  stm32f10x_flash.o(.text)
    FLASH_EraseAllBank1Pages                 0x08000d5b   Thumb Code    68  stm32f10x_flash.o(.text)
    FLASH_GetReadOutProtectionStatus         0x08000d9f   Thumb Code    20  stm32f10x_flash.o(.text)
    FLASH_EraseOptionBytes                   0x08000db3   Thumb Code   150  stm32f10x_flash.o(.text)
    FLASH_ProgramWord                        0x08000e49   Thumb Code   102  stm32f10x_flash.o(.text)
    FLASH_ProgramHalfWord                    0x08000eaf   Thumb Code    60  stm32f10x_flash.o(.text)
    FLASH_ProgramOptionByteData              0x08000eeb   Thumb Code    72  stm32f10x_flash.o(.text)
    FLASH_EnableWriteProtection              0x08000f33   Thumb Code   200  stm32f10x_flash.o(.text)
    FLASH_ReadOutProtection                  0x08000ffb   Thumb Code   156  stm32f10x_flash.o(.text)
    FLASH_UserOptionByteConfig               0x08001097   Thumb Code    88  stm32f10x_flash.o(.text)
    FLASH_GetUserOptionByte                  0x080010ef   Thumb Code     8  stm32f10x_flash.o(.text)
    FLASH_GetWriteProtectionOptionByte       0x080010f7   Thumb Code     6  stm32f10x_flash.o(.text)
    FLASH_GetPrefetchBufferStatus            0x080010fd   Thumb Code    20  stm32f10x_flash.o(.text)
    FLASH_ITConfig                           0x08001111   Thumb Code    26  stm32f10x_flash.o(.text)
    FLASH_GetFlagStatus                      0x0800112b   Thumb Code    42  stm32f10x_flash.o(.text)
    FLASH_ClearFlag                          0x08001155   Thumb Code     6  stm32f10x_flash.o(.text)
    FLASH_GetStatus                          0x0800115b   Thumb Code    48  stm32f10x_flash.o(.text)
    GPIO_DeInit                              0x0800119d   Thumb Code   172  stm32f10x_gpio.o(.text)
    GPIO_AFIODeInit                          0x08001249   Thumb Code    20  stm32f10x_gpio.o(.text)
    GPIO_Init                                0x0800125d   Thumb Code   278  stm32f10x_gpio.o(.text)
    GPIO_StructInit                          0x08001373   Thumb Code    16  stm32f10x_gpio.o(.text)
    GPIO_ReadInputDataBit                    0x08001383   Thumb Code    18  stm32f10x_gpio.o(.text)
    GPIO_ReadInputData                       0x08001395   Thumb Code     8  stm32f10x_gpio.o(.text)
    GPIO_ReadOutputDataBit                   0x0800139d   Thumb Code    18  stm32f10x_gpio.o(.text)
    GPIO_ReadOutputData                      0x080013af   Thumb Code     8  stm32f10x_gpio.o(.text)
    GPIO_SetBits                             0x080013b7   Thumb Code     4  stm32f10x_gpio.o(.text)
    GPIO_ResetBits                           0x080013bb   Thumb Code     4  stm32f10x_gpio.o(.text)
    GPIO_WriteBit                            0x080013bf   Thumb Code    10  stm32f10x_gpio.o(.text)
    GPIO_Write                               0x080013c9   Thumb Code     4  stm32f10x_gpio.o(.text)
    GPIO_PinLockConfig                       0x080013cd   Thumb Code    18  stm32f10x_gpio.o(.text)
    GPIO_EventOutputConfig                   0x080013df   Thumb Code    26  stm32f10x_gpio.o(.text)
    GPIO_EventOutputCmd                      0x080013f9   Thumb Code     6  stm32f10x_gpio.o(.text)
    GPIO_PinRemapConfig                      0x080013ff   Thumb Code   138  stm32f10x_gpio.o(.text)
    GPIO_EXTILineConfig                      0x08001489   Thumb Code    66  stm32f10x_gpio.o(.text)
    GPIO_ETH_MediaInterfaceConfig            0x080014cb   Thumb Code     8  stm32f10x_gpio.o(.text)
    RCC_DeInit                               0x080014f9   Thumb Code    64  stm32f10x_rcc.o(.text)
    RCC_HSEConfig                            0x08001539   Thumb Code    70  stm32f10x_rcc.o(.text)
    RCC_GetFlagStatus                        0x0800157f   Thumb Code    56  stm32f10x_rcc.o(.text)
    RCC_WaitForHSEStartUp                    0x080015b7   Thumb Code    56  stm32f10x_rcc.o(.text)
    RCC_AdjustHSICalibrationValue            0x080015ef   Thumb Code    20  stm32f10x_rcc.o(.text)
    RCC_HSICmd                               0x08001603   Thumb Code     6  stm32f10x_rcc.o(.text)
    RCC_PLLConfig                            0x08001609   Thumb Code    24  stm32f10x_rcc.o(.text)
    RCC_PLLCmd                               0x08001621   Thumb Code     6  stm32f10x_rcc.o(.text)
    RCC_SYSCLKConfig                         0x08001627   Thumb Code    18  stm32f10x_rcc.o(.text)
    RCC_GetSYSCLKSource                      0x08001639   Thumb Code    10  stm32f10x_rcc.o(.text)
    RCC_HCLKConfig                           0x08001643   Thumb Code    18  stm32f10x_rcc.o(.text)
    RCC_PCLK1Config                          0x08001655   Thumb Code    18  stm32f10x_rcc.o(.text)
    RCC_PCLK2Config                          0x08001667   Thumb Code    20  stm32f10x_rcc.o(.text)
    RCC_ITConfig                             0x0800167b   Thumb Code    26  stm32f10x_rcc.o(.text)
    RCC_USBCLKConfig                         0x08001695   Thumb Code     8  stm32f10x_rcc.o(.text)
    RCC_ADCCLKConfig                         0x0800169d   Thumb Code    18  stm32f10x_rcc.o(.text)
    RCC_LSEConfig                            0x080016af   Thumb Code    50  stm32f10x_rcc.o(.text)
    RCC_LSICmd                               0x080016e1   Thumb Code     6  stm32f10x_rcc.o(.text)
    RCC_RTCCLKConfig                         0x080016e7   Thumb Code    12  stm32f10x_rcc.o(.text)
    RCC_RTCCLKCmd                            0x080016f3   Thumb Code     8  stm32f10x_rcc.o(.text)
    RCC_GetClocksFreq                        0x080016fb   Thumb Code   192  stm32f10x_rcc.o(.text)
    RCC_AHBPeriphClockCmd                    0x080017bb   Thumb Code    26  stm32f10x_rcc.o(.text)
    RCC_APB2PeriphClockCmd                   0x080017d5   Thumb Code    26  stm32f10x_rcc.o(.text)
    RCC_APB1PeriphClockCmd                   0x080017ef   Thumb Code    26  stm32f10x_rcc.o(.text)
    RCC_APB2PeriphResetCmd                   0x08001809   Thumb Code    26  stm32f10x_rcc.o(.text)
    RCC_APB1PeriphResetCmd                   0x08001823   Thumb Code    26  stm32f10x_rcc.o(.text)
    RCC_BackupResetCmd                       0x0800183d   Thumb Code     8  stm32f10x_rcc.o(.text)
    RCC_ClockSecuritySystemCmd               0x08001845   Thumb Code     6  stm32f10x_rcc.o(.text)
    RCC_MCOConfig                            0x0800184b   Thumb Code     6  stm32f10x_rcc.o(.text)
    RCC_ClearFlag                            0x08001851   Thumb Code    14  stm32f10x_rcc.o(.text)
    RCC_GetITStatus                          0x0800185f   Thumb Code    20  stm32f10x_rcc.o(.text)
    RCC_ClearITPendingBit                    0x08001873   Thumb Code     6  stm32f10x_rcc.o(.text)
    SPI_I2S_DeInit                           0x080018a1   Thumb Code    76  stm32f10x_spi.o(.text)
    SPI_Init                                 0x080018ed   Thumb Code    60  stm32f10x_spi.o(.text)
    I2S_Init                                 0x08001929   Thumb Code   226  stm32f10x_spi.o(.text)
    SPI_StructInit                           0x08001a0b   Thumb Code    24  stm32f10x_spi.o(.text)
    I2S_StructInit                           0x08001a23   Thumb Code    20  stm32f10x_spi.o(.text)
    SPI_Cmd                                  0x08001a37   Thumb Code    24  stm32f10x_spi.o(.text)
    I2S_Cmd                                  0x08001a4f   Thumb Code    24  stm32f10x_spi.o(.text)
    SPI_I2S_ITConfig                         0x08001a67   Thumb Code    32  stm32f10x_spi.o(.text)
    SPI_I2S_DMACmd                           0x08001a87   Thumb Code    18  stm32f10x_spi.o(.text)
    SPI_I2S_SendData                         0x08001a99   Thumb Code     4  stm32f10x_spi.o(.text)
    SPI_I2S_ReceiveData                      0x08001a9d   Thumb Code     6  stm32f10x_spi.o(.text)
    SPI_NSSInternalSoftwareConfig            0x08001aa3   Thumb Code    30  stm32f10x_spi.o(.text)
    SPI_SSOutputCmd                          0x08001ac1   Thumb Code    24  stm32f10x_spi.o(.text)
    SPI_DataSizeConfig                       0x08001ad9   Thumb Code    18  stm32f10x_spi.o(.text)
    SPI_TransmitCRC                          0x08001aeb   Thumb Code    10  stm32f10x_spi.o(.text)
    SPI_CalculateCRC                         0x08001af5   Thumb Code    24  stm32f10x_spi.o(.text)
    SPI_GetCRC                               0x08001b0d   Thumb Code    16  stm32f10x_spi.o(.text)
    SPI_GetCRCPolynomial                     0x08001b1d   Thumb Code     6  stm32f10x_spi.o(.text)
    SPI_BiDirectionalLineConfig              0x08001b23   Thumb Code    28  stm32f10x_spi.o(.text)
    SPI_I2S_GetFlagStatus                    0x08001b3f   Thumb Code    18  stm32f10x_spi.o(.text)
    SPI_I2S_ClearFlag                        0x08001b51   Thumb Code     6  stm32f10x_spi.o(.text)
    SPI_I2S_GetITStatus                      0x08001b57   Thumb Code    52  stm32f10x_spi.o(.text)
    SPI_I2S_ClearITPendingBit                0x08001b8b   Thumb Code    20  stm32f10x_spi.o(.text)
    TIM_DeInit                               0x08001bad   Thumb Code   424  stm32f10x_tim.o(.text)
    TIM_TimeBaseInit                         0x08001d55   Thumb Code   122  stm32f10x_tim.o(.text)
    TIM_OC1Init                              0x08001dcf   Thumb Code   132  stm32f10x_tim.o(.text)
    TIM_OC2Init                              0x08001e53   Thumb Code   154  stm32f10x_tim.o(.text)
    TIM_OC3Init                              0x08001eed   Thumb Code   150  stm32f10x_tim.o(.text)
    TIM_OC4Init                              0x08001f83   Thumb Code   182  stm32f10x_tim.o(.text)
    TIM_SetIC4Prescaler                      0x08002039   Thumb Code    26  stm32f10x_tim.o(.text)
    TIM_SetIC3Prescaler                      0x080020d5   Thumb Code    18  stm32f10x_tim.o(.text)
    TIM_SetIC2Prescaler                      0x08002161   Thumb Code    26  stm32f10x_tim.o(.text)
    TIM_SetIC1Prescaler                      0x080021fd   Thumb Code    18  stm32f10x_tim.o(.text)
    TIM_ICInit                               0x0800227b   Thumb Code   150  stm32f10x_tim.o(.text)
    TIM_PWMIConfig                           0x08002311   Thumb Code   124  stm32f10x_tim.o(.text)
    TIM_BDTRConfig                           0x0800238d   Thumb Code    32  stm32f10x_tim.o(.text)
    TIM_TimeBaseStructInit                   0x080023ad   Thumb Code    18  stm32f10x_tim.o(.text)
    TIM_OCStructInit                         0x080023bf   Thumb Code    20  stm32f10x_tim.o(.text)
    TIM_ICStructInit                         0x080023d3   Thumb Code    18  stm32f10x_tim.o(.text)
    TIM_BDTRStructInit                       0x080023e5   Thumb Code    40  stm32f10x_tim.o(.text)
    TIM_Cmd                                  0x0800240d   Thumb Code    24  stm32f10x_tim.o(.text)
    TIM_CtrlPWMOutputs                       0x08002425   Thumb Code    30  stm32f10x_tim.o(.text)
    TIM_ITConfig                             0x08002443   Thumb Code    18  stm32f10x_tim.o(.text)
    TIM_GenerateEvent                        0x08002455   Thumb Code     4  stm32f10x_tim.o(.text)
    TIM_DMAConfig                            0x08002459   Thumb Code    10  stm32f10x_tim.o(.text)
    TIM_DMACmd                               0x08002463   Thumb Code    18  stm32f10x_tim.o(.text)
    TIM_InternalClockConfig                  0x08002475   Thumb Code    12  stm32f10x_tim.o(.text)
    TIM_SelectInputTrigger                   0x08002481   Thumb Code    18  stm32f10x_tim.o(.text)
    TIM_ITRxExternalClockConfig              0x08002493   Thumb Code    24  stm32f10x_tim.o(.text)
    TIM_TIxExternalClockConfig               0x080024ab   Thumb Code    62  stm32f10x_tim.o(.text)
    TIM_ETRConfig                            0x080024e9   Thumb Code    28  stm32f10x_tim.o(.text)
    TIM_ETRClockMode1Config                  0x08002505   Thumb Code    54  stm32f10x_tim.o(.text)
    TIM_ETRClockMode2Config                  0x0800253b   Thumb Code    32  stm32f10x_tim.o(.text)
    TIM_PrescalerConfig                      0x0800255b   Thumb Code     6  stm32f10x_tim.o(.text)
    TIM_CounterModeConfig                    0x08002561   Thumb Code    18  stm32f10x_tim.o(.text)
    TIM_EncoderInterfaceConfig               0x08002573   Thumb Code    66  stm32f10x_tim.o(.text)
    TIM_ForcedOC1Config                      0x080025b5   Thumb Code    18  stm32f10x_tim.o(.text)
    TIM_ForcedOC2Config                      0x080025c7   Thumb Code    26  stm32f10x_tim.o(.text)
    TIM_ForcedOC3Config                      0x080025e1   Thumb Code    18  stm32f10x_tim.o(.text)
    TIM_ForcedOC4Config                      0x080025f3   Thumb Code    26  stm32f10x_tim.o(.text)
    TIM_ARRPreloadConfig                     0x0800260d   Thumb Code    24  stm32f10x_tim.o(.text)
    TIM_SelectCOM                            0x08002625   Thumb Code    24  stm32f10x_tim.o(.text)
    TIM_SelectCCDMA                          0x0800263d   Thumb Code    24  stm32f10x_tim.o(.text)
    TIM_CCPreloadControl                     0x08002655   Thumb Code    24  stm32f10x_tim.o(.text)
    TIM_OC1PreloadConfig                     0x0800266d   Thumb Code    18  stm32f10x_tim.o(.text)
    TIM_OC2PreloadConfig                     0x0800267f   Thumb Code    26  stm32f10x_tim.o(.text)
    TIM_OC3PreloadConfig                     0x08002699   Thumb Code    18  stm32f10x_tim.o(.text)
    TIM_OC4PreloadConfig                     0x080026ab   Thumb Code    26  stm32f10x_tim.o(.text)
    TIM_OC1FastConfig                        0x080026c5   Thumb Code    18  stm32f10x_tim.o(.text)
    TIM_OC2FastConfig                        0x080026d7   Thumb Code    26  stm32f10x_tim.o(.text)
    TIM_OC3FastConfig                        0x080026f1   Thumb Code    18  stm32f10x_tim.o(.text)
    TIM_OC4FastConfig                        0x08002703   Thumb Code    26  stm32f10x_tim.o(.text)
    TIM_ClearOC1Ref                          0x0800271d   Thumb Code    18  stm32f10x_tim.o(.text)
    TIM_ClearOC2Ref                          0x0800272f   Thumb Code    24  stm32f10x_tim.o(.text)
    TIM_ClearOC3Ref                          0x08002747   Thumb Code    18  stm32f10x_tim.o(.text)
    TIM_ClearOC4Ref                          0x08002759   Thumb Code    24  stm32f10x_tim.o(.text)
    TIM_OC1PolarityConfig                    0x08002771   Thumb Code    18  stm32f10x_tim.o(.text)
    TIM_OC1NPolarityConfig                   0x08002783   Thumb Code    18  stm32f10x_tim.o(.text)
    TIM_OC2PolarityConfig                    0x08002795   Thumb Code    26  stm32f10x_tim.o(.text)
    TIM_OC2NPolarityConfig                   0x080027af   Thumb Code    26  stm32f10x_tim.o(.text)
    TIM_OC3PolarityConfig                    0x080027c9   Thumb Code    26  stm32f10x_tim.o(.text)
    TIM_OC3NPolarityConfig                   0x080027e3   Thumb Code    26  stm32f10x_tim.o(.text)
    TIM_OC4PolarityConfig                    0x080027fd   Thumb Code    26  stm32f10x_tim.o(.text)
    TIM_CCxCmd                               0x08002817   Thumb Code    30  stm32f10x_tim.o(.text)
    TIM_CCxNCmd                              0x08002835   Thumb Code    30  stm32f10x_tim.o(.text)
    TIM_SelectOCxM                           0x08002853   Thumb Code    82  stm32f10x_tim.o(.text)
    TIM_UpdateDisableConfig                  0x080028a5   Thumb Code    24  stm32f10x_tim.o(.text)
    TIM_UpdateRequestConfig                  0x080028bd   Thumb Code    24  stm32f10x_tim.o(.text)
    TIM_SelectHallSensor                     0x080028d5   Thumb Code    24  stm32f10x_tim.o(.text)
    TIM_SelectOnePulseMode                   0x080028ed   Thumb Code    18  stm32f10x_tim.o(.text)
    TIM_SelectOutputTrigger                  0x080028ff   Thumb Code    18  stm32f10x_tim.o(.text)
    TIM_SelectSlaveMode                      0x08002911   Thumb Code    18  stm32f10x_tim.o(.text)
    TIM_SelectMasterSlaveMode                0x08002923   Thumb Code    18  stm32f10x_tim.o(.text)
    TIM_SetCounter                           0x08002935   Thumb Code     4  stm32f10x_tim.o(.text)
    TIM_SetAutoreload                        0x08002939   Thumb Code     4  stm32f10x_tim.o(.text)
    TIM_SetCompare1                          0x0800293d   Thumb Code     4  stm32f10x_tim.o(.text)
    TIM_SetCompare2                          0x08002941   Thumb Code     4  stm32f10x_tim.o(.text)
    TIM_SetCompare3                          0x08002945   Thumb Code     4  stm32f10x_tim.o(.text)
    TIM_SetCompare4                          0x08002949   Thumb Code     6  stm32f10x_tim.o(.text)
    TIM_SetClockDivision                     0x0800294f   Thumb Code    18  stm32f10x_tim.o(.text)
    TIM_GetCapture1                          0x08002961   Thumb Code     6  stm32f10x_tim.o(.text)
    TIM_GetCapture2                          0x08002967   Thumb Code     6  stm32f10x_tim.o(.text)
    TIM_GetCapture3                          0x0800296d   Thumb Code     6  stm32f10x_tim.o(.text)
    TIM_GetCapture4                          0x08002973   Thumb Code     8  stm32f10x_tim.o(.text)
    TIM_GetCounter                           0x0800297b   Thumb Code     6  stm32f10x_tim.o(.text)
    TIM_GetPrescaler                         0x08002981   Thumb Code     6  stm32f10x_tim.o(.text)
    TIM_GetFlagStatus                        0x08002987   Thumb Code    18  stm32f10x_tim.o(.text)
    TIM_ClearFlag                            0x08002999   Thumb Code     6  stm32f10x_tim.o(.text)
    TIM_GetITStatus                          0x0800299f   Thumb Code    34  stm32f10x_tim.o(.text)
    TIM_ClearITPendingBit                    0x080029c1   Thumb Code     6  stm32f10x_tim.o(.text)
    USART_DeInit                             0x080029c9   Thumb Code   134  stm32f10x_usart.o(.text)
    USART_Init                               0x08002a4f   Thumb Code   210  stm32f10x_usart.o(.text)
    USART_StructInit                         0x08002b21   Thumb Code    24  stm32f10x_usart.o(.text)
    USART_ClockInit                          0x08002b39   Thumb Code    34  stm32f10x_usart.o(.text)
    USART_ClockStructInit                    0x08002b5b   Thumb Code    12  stm32f10x_usart.o(.text)
    USART_Cmd                                0x08002b67   Thumb Code    24  stm32f10x_usart.o(.text)
    USART_ITConfig                           0x08002b7f   Thumb Code    74  stm32f10x_usart.o(.text)
    USART_DMACmd                             0x08002bc9   Thumb Code    18  stm32f10x_usart.o(.text)
    USART_SetAddress                         0x08002bdb   Thumb Code    18  stm32f10x_usart.o(.text)
    USART_WakeUpConfig                       0x08002bed   Thumb Code    18  stm32f10x_usart.o(.text)
    USART_ReceiverWakeUpCmd                  0x08002bff   Thumb Code    24  stm32f10x_usart.o(.text)
    USART_LINBreakDetectLengthConfig         0x08002c17   Thumb Code    18  stm32f10x_usart.o(.text)
    USART_LINCmd                             0x08002c29   Thumb Code    24  stm32f10x_usart.o(.text)
    USART_SendData                           0x08002c41   Thumb Code     8  stm32f10x_usart.o(.text)
    USART_ReceiveData                        0x08002c49   Thumb Code    10  stm32f10x_usart.o(.text)
    USART_SendBreak                          0x08002c53   Thumb Code    10  stm32f10x_usart.o(.text)
    USART_SetGuardTime                       0x08002c5d   Thumb Code    16  stm32f10x_usart.o(.text)
    USART_SetPrescaler                       0x08002c6d   Thumb Code    16  stm32f10x_usart.o(.text)
    USART_SmartCardCmd                       0x08002c7d   Thumb Code    24  stm32f10x_usart.o(.text)
    USART_SmartCardNACKCmd                   0x08002c95   Thumb Code    24  stm32f10x_usart.o(.text)
    USART_HalfDuplexCmd                      0x08002cad   Thumb Code    24  stm32f10x_usart.o(.text)
    USART_OverSampling8Cmd                   0x08002cc5   Thumb Code    22  stm32f10x_usart.o(.text)
    USART_OneBitMethodCmd                    0x08002cdb   Thumb Code    24  stm32f10x_usart.o(.text)
    USART_IrDAConfig                         0x08002cf3   Thumb Code    18  stm32f10x_usart.o(.text)
    USART_IrDACmd                            0x08002d05   Thumb Code    24  stm32f10x_usart.o(.text)
    USART_GetFlagStatus                      0x08002d1d   Thumb Code    26  stm32f10x_usart.o(.text)
    USART_ClearFlag                          0x08002d37   Thumb Code    18  stm32f10x_usart.o(.text)
    USART_GetITStatus                        0x08002d49   Thumb Code    84  stm32f10x_usart.o(.text)
    USART_ClearITPendingBit                  0x08002d9d   Thumb Code    52  stm32f10x_usart.o(.text)
    Fc_AHRS_Geteuler                         0x08002dd1   Thumb Code  2296  algorithm_ahrs.o(.text)
    Fc_Hight_Get                             0x080036d1   Thumb Code   512  fc_seedestimated.o(.text)
    Fc_Alti_Estimate                         0x080038d1   Thumb Code   156  fc_seedestimated.o(.text)
    Fc_Alti_Estimate_Reset                   0x0800396d   Thumb Code    16  fc_seedestimated.o(.text)
    Flow_High_Cal                            0x0800397d   Thumb Code    82  fc_seedestimated.o(.text)
    Fc_Position_Estimate                     0x080039cf   Thumb Code   740  fc_seedestimated.o(.text)
    my_abs                                   0x08003cc5   Thumb Code    24  mymath.o(.text)
    fast_atan2                               0x08003cdd   Thumb Code   344  mymath.o(.text)
    my_atan                                  0x08003e35   Thumb Code    16  mymath.o(.text)
    my_sqrt                                  0x08003e45   Thumb Code   114  mymath.o(.text)
    mx_sin                                   0x08003eb7   Thumb Code   228  mymath.o(.text)
    my_sin                                   0x08003f9b   Thumb Code    78  mymath.o(.text)
    my_cos                                   0x08003fe9   Thumb Code   102  mymath.o(.text)
    my_deadzone                              0x0800404f   Thumb Code    72  mymath.o(.text)
    my_deadzone_2                            0x08004097   Thumb Code    62  mymath.o(.text)
    my_HLP                                   0x080040d5   Thumb Code   454  mymath.o(.text)
    To_180_degrees_db                        0x0800429b   Thumb Code    68  mymath.o(.text)
    To_180_degrees                           0x080042df   Thumb Code    48  mymath.o(.text)
    my_deathzoom_2                           0x0800430f   Thumb Code    44  mymath.o(.text)
    LPF_1st                                  0x08004365   Thumb Code    50  filter.o(.text)
    IIR_I_Filter                             0x08004397   Thumb Code   242  filter.o(.text)
    inte_fix_filter                          0x08004489   Thumb Code   114  filter.o(.text)
    fix_inte_filter                          0x080044fb   Thumb Code   108  filter.o(.text)
    LPF_1                                    0x08004567   Thumb Code    94  filter.o(.text)
    limit_filter                             0x080045c5   Thumb Code    88  filter.o(.text)
    steepest_descend                         0x0800461d   Thumb Code   400  filter.o(.text)
    fir_arrange_filter                       0x080047ad   Thumb Code   132  filter.o(.text)
    Moving_Average                           0x08004831   Thumb Code   156  filter.o(.text)
    LPF_1_db                                 0x080048cd   Thumb Code   124  filter.o(.text)
    step_filter                              0x08004949   Thumb Code    92  filter.o(.text)
    my_hpf_limited                           0x080049a5   Thumb Code   144  filter.o(.text)
    Fc_Adc_Init                              0x08004b35   Thumb Code    12  device_adc.o(.text)
    I2c_Soft_delay                           0x08004b51   Thumb Code    10  device_iic.o(.text)
    Fc_I2c_Init                              0x08004b5b   Thumb Code    72  device_iic.o(.text)
    I2c_Soft_Start                           0x08004ba3   Thumb Code    86  device_iic.o(.text)
    I2c_Soft_Stop                            0x08004bf9   Thumb Code    52  device_iic.o(.text)
    I2c_Soft_Ask                             0x08004c2d   Thumb Code    52  device_iic.o(.text)
    I2c_Soft_NoAsk                           0x08004c61   Thumb Code    52  device_iic.o(.text)
    I2c_Soft_WaitAsk                         0x08004c95   Thumb Code    84  device_iic.o(.text)
    I2c_Soft_SendByte                        0x08004ce9   Thumb Code    82  device_iic.o(.text)
    I2c_Soft_ReadByte                        0x08004d3b   Thumb Code    96  device_iic.o(.text)
    IIC_Write_1Byte                          0x08004d9b   Thumb Code    62  device_iic.o(.text)
    IIC_Read_1Byte                           0x08004dd9   Thumb Code    80  device_iic.o(.text)
    IIC_Write_nByte                          0x08004e29   Thumb Code    78  device_iic.o(.text)
    IIC_Read_nByte                           0x08004e77   Thumb Code   108  device_iic.o(.text)
    Register_Write                           0x08004ee9   Thumb Code    30  device_flow.o(.text)
    Register_Read                            0x08004f07   Thumb Code    40  device_flow.o(.text)
    RegWrite_tsww                            0x08004f2f   Thumb Code    22  device_flow.o(.text)
    RegRead_tsrw_tsrr                        0x08004f45   Thumb Code    22  device_flow.o(.text)
    InitRegisters                            0x08004f5b   Thumb Code   862  device_flow.o(.text)
    Full_Reset                               0x080052b9   Thumb Code    22  device_flow.o(.text)
    PMW3901_Init                             0x080052cf   Thumb Code    76  device_flow.o(.text)
    SwapBytes                                0x0800531b   Thumb Code    10  device_flow.o(.text)
    ReadMotion                               0x08005325   Thumb Code   140  device_flow.o(.text)
    Fc_Spi_Init                              0x080053c9   Thumb Code   188  device_spi.o(.text)
    SPI_RW                                   0x08005485   Thumb Code    50  device_spi.o(.text)
    SPI_CSN_H                                0x080054b7   Thumb Code    12  device_spi.o(.text)
    SPI_CSN_L                                0x080054c3   Thumb Code    12  device_spi.o(.text)
    SPI_CE_H                                 0x080054cf   Thumb Code    12  device_spi.o(.text)
    SPI_CE_L                                 0x080054db   Thumb Code    12  device_spi.o(.text)
    Fc_spi2_Init                             0x080054e7   Thumb Code   158  device_spi.o(.text)
    SPI2_RW                                  0x08005585   Thumb Code    50  device_spi.o(.text)
    SPI2_CSN_H                               0x080055b7   Thumb Code    14  device_spi.o(.text)
    SPI2_CSN_L                               0x080055c5   Thumb Code    14  device_spi.o(.text)
    Fc_Uart4_Init                            0x080055e9   Thumb Code   190  device_uart.o(.text)
    UART4_IRQHandler                         0x080056a7   Thumb Code   120  device_uart.o(.text)
    Fc_Uart4_Put_Buf                         0x0800571f   Thumb Code    62  device_uart.o(.text)
    Tim3_Init                                0x08005771   Thumb Code   154  device_pwm_out.o(.text)
    Tim4_Init                                0x0800580b   Thumb Code   150  device_pwm_out.o(.text)
    Fc_Pwm_Out_Config                        0x080058a1   Thumb Code    84  device_pwm_out.o(.text)
    Bluet_Receive_Anl                        0x08005905   Thumb Code   300  device_bluetooth.o(.text)
    Bluet_Receive_Prepare                    0x08005a31   Thumb Code   204  device_bluetooth.o(.text)
    Fc_Blue_Init                             0x08005afd   Thumb Code    12  device_bluetooth.o(.text)
    Bluet_Connect                            0x08005b09   Thumb Code    78  device_bluetooth.o(.text)
    IICwriteBit                              0x08005b79   Thumb Code    66  device_icm20602 .o(.text)
    IICwriteBits                             0x08005bbb   Thumb Code   102  device_icm20602 .o(.text)
    Drv_Icm20602Reg_Init                     0x08005c57   Thumb Code   240  device_icm20602 .o(.text)
    IIC_Icm20602_Read                        0x08005d47   Thumb Code    18  device_icm20602 .o(.text)
    Spl0601_Write                            0x08005d59   Thumb Code    24  device_mpc2520.o(.text)
    Spl0601_Read                             0x08005d71   Thumb Code    22  device_mpc2520.o(.text)
    Spl0601_Rateset                          0x08005d87   Thumb Code   318  device_mpc2520.o(.text)
    Spl0601_Get_Calib_Param                  0x08005ec5   Thumb Code   476  device_mpc2520.o(.text)
    Spl0601_Start_Continuous                 0x080060a1   Thumb Code    18  device_mpc2520.o(.text)
    Fc_Spl0601_Init                          0x080060b3   Thumb Code    60  device_mpc2520.o(.text)
    Spl0601_Start_Temperature                0x080060ef   Thumb Code    14  device_mpc2520.o(.text)
    Spl0601_Start_Pressure                   0x080060fd   Thumb Code    14  device_mpc2520.o(.text)
    Spl0601_Get_Raw_Temp                     0x0800610b   Thumb Code   126  device_mpc2520.o(.text)
    Spl0601_Get_Raw_Pressure                 0x08006189   Thumb Code   102  device_mpc2520.o(.text)
    Spl0601_Get_Temperature                  0x080061ef   Thumb Code   112  device_mpc2520.o(.text)
    Spl0601_Get_Pressure                     0x0800625f   Thumb Code   276  device_mpc2520.o(.text)
    user_spl0601_get                         0x08006373   Thumb Code   182  device_mpc2520.o(.text)
    NRF_Write_Reg                            0x08006455   Thumb Code    32  device_nrf24l01.o(.text)
    NRF_Read_Reg                             0x08006475   Thumb Code    30  device_nrf24l01.o(.text)
    NRF_Write_Buf                            0x08006493   Thumb Code    50  device_nrf24l01.o(.text)
    NRF_Read_Buf                             0x080064c5   Thumb Code    52  device_nrf24l01.o(.text)
    NRF_TxPacket                             0x080064f9   Thumb Code    36  device_nrf24l01.o(.text)
    Nrf_TxPacket_AP                          0x0800651d   Thumb Code    26  device_nrf24l01.o(.text)
    Fc_Nrf_Init                              0x08006537   Thumb Code   230  device_nrf24l01.o(.text)
    Nrf_Check                                0x0800661d   Thumb Code    72  device_nrf24l01.o(.text)
    Nrf_Check_Event                          0x08006665   Thumb Code    86  device_nrf24l01.o(.text)
    Nrf_Connect                              0x080066bb   Thumb Code    78  device_nrf24l01.o(.text)
    Fc_Flash_Read                            0x08006729   Thumb Code    62  device_flash.o(.text)
    Fc_Flash_Write                           0x08006767   Thumb Code   100  device_flash.o(.text)
    Fc_voltage_check                         0x080067d1   Thumb Code   152  driver_voltage.o(.text)
    ICM20602_Data_Offset                     0x08006889   Thumb Code   302  driver_icm20602.o(.text)
    sensor_dir                               0x080069b7   Thumb Code    72  driver_icm20602.o(.text)
    Call_ICM20602_Data_Prepare               0x080069ff   Thumb Code   718  driver_icm20602.o(.text)
    Fly_Control_Init                         0x08006ccd   Thumb Code   254  fc_init.o(.text)
    Control_Device_LPF                       0x08006de9   Thumb Code   116  fc_control.o(.text)
    FC_PID_Control_Angal                     0x08006e5d   Thumb Code   188  fc_control.o(.text)
    FC_PID_Control_Yaw                       0x08006f19   Thumb Code   228  fc_control.o(.text)
    FC_Control_Gyro_Div_LPF                  0x08006ffd   Thumb Code   204  fc_control.o(.text)
    FC_Control_Gyro_Yaw_Div_LPF              0x080070c9   Thumb Code   236  fc_control.o(.text)
    FC_PID_Control_Hight                     0x080071b5   Thumb Code   268  fc_control.o(.text)
    FC_Control_HightSpeed_Div_LPF            0x080072c1   Thumb Code   272  fc_control.o(.text)
    FC_PID_Control_XY                        0x080073d1   Thumb Code   188  fc_control.o(.text)
    FC_Control_XYSpeed_Div_LPF               0x0800748d   Thumb Code   236  fc_control.o(.text)
    Fc_AttitudeControl                       0x08007579   Thumb Code   178  fc_control.o(.text)
    AltitudeV                                0x0800762b   Thumb Code   300  fc_control.o(.text)
    AltitudeH                                0x08007757   Thumb Code   220  fc_control.o(.text)
    Fc_Hight_Control                         0x08007833   Thumb Code   478  fc_control.o(.text)
    PositionXY                               0x08007a11   Thumb Code   582  fc_control.o(.text)
    PositionSpeedXY                          0x08007c57   Thumb Code   180  fc_control.o(.text)
    PositionControl                          0x08007d0b   Thumb Code    60  fc_control.o(.text)
    DrvMotoPwm                               0x08007d47   Thumb Code    44  fc_control.o(.text)
    DrvMotoStop                              0x08007d73   Thumb Code    22  fc_control.o(.text)
    Fc_TIM3_OUT                              0x08007d89   Thumb Code    20  fc_control.o(.text)
    Fc_Mixedcontrol                          0x08007d9d   Thumb Code   792  fc_control.o(.text)
    Fc_All_Control                           0x080080b5   Thumb Code   194  fc_control.o(.text)
    Throw_Fly_Check                          0x08008177   Thumb Code    84  fc_control.o(.text)
    DT_Send_Data                             0x080081fd   Thumb Code    54  fc_data_transfer.o(.text)
    DT_Data_Receive_Anl                      0x08008271   Thumb Code  1506  fc_data_transfer.o(.text)
    DT_Data_Receive_Prepare                  0x08008853   Thumb Code   216  fc_data_transfer.o(.text)
    DT_Send_Speed                            0x0800892b   Thumb Code   270  fc_data_transfer.o(.text)
    DT_Send_Location                         0x08008a39   Thumb Code   262  fc_data_transfer.o(.text)
    DT_Send_Status                           0x08008b3f   Thumb Code   316  fc_data_transfer.o(.text)
    DT_Send_Senser                           0x08008c7b   Thumb Code   406  fc_data_transfer.o(.text)
    DT_Send_Senser2                          0x08008e11   Thumb Code   166  fc_data_transfer.o(.text)
    DT_Send_RCData                           0x08008eb7   Thumb Code   350  fc_data_transfer.o(.text)
    DT_Send_Power                            0x08009015   Thumb Code   238  fc_data_transfer.o(.text)
    DT_Send_MotoPWM                          0x08009103   Thumb Code   294  fc_data_transfer.o(.text)
    DT_Send_PID                              0x08009229   Thumb Code   526  fc_data_transfer.o(.text)
    DT_Send_User                             0x08009437   Thumb Code   202  fc_data_transfer.o(.text)
    DT_Send_Version                          0x08009501   Thumb Code   192  fc_data_transfer.o(.text)
    Fc_Data_transfer                         0x080095c1   Thumb Code   796  fc_data_transfer.o(.text)
    Fc_Data_transfer_init                    0x080098dd   Thumb Code     2  fc_data_transfer.o(.text)
    Fc_Task_2ms                              0x080098f9   Thumb Code    34  fc_scheduler.o(.text)
    Fc_Task_4ms                              0x0800991b   Thumb Code    34  fc_scheduler.o(.text)
    Fc_Task_6ms                              0x0800993d   Thumb Code    36  fc_scheduler.o(.text)
    Fc_Task_10ms                             0x08009961   Thumb Code    64  fc_scheduler.o(.text)
    Fc_Task_20ms                             0x080099a1   Thumb Code    30  fc_scheduler.o(.text)
    Fc_Task_50ms                             0x080099bf   Thumb Code    44  fc_scheduler.o(.text)
    Fc_Task_100ms                            0x080099eb   Thumb Code    26  fc_scheduler.o(.text)
    Fc_Task_1000ms                           0x08009a05   Thumb Code    42  fc_scheduler.o(.text)
    Fc_Task_Loop                             0x08009a2f   Thumb Code   210  fc_scheduler.o(.text)
    Fc_Call_Loop_timer                       0x08009b01   Thumb Code   224  fc_scheduler.o(.text)
    cycleCounterInit                         0x08009c05   Thumb Code    26  fc_systream_time.o(.text)
    SysTick_Handler                          0x08009c1f   Thumb Code    60  fc_systream_time.o(.text)
    GetSysTime_us                            0x08009c5b   Thumb Code    58  fc_systream_time.o(.text)
    Delay_us                                 0x08009c95   Thumb Code    24  fc_systream_time.o(.text)
    Delay_ms                                 0x08009cad   Thumb Code    26  fc_systream_time.o(.text)
    Delay                                    0x08009cc7   Thumb Code    18  fc_systream_time.o(.text)
    Param_Save                               0x08009ced   Thumb Code   294  fc_parameter.o(.text)
    Fc_Para_Init                             0x08009e13   Thumb Code   166  fc_parameter.o(.text)
    Fc_Param_Read                            0x08009eb9   Thumb Code   358  fc_parameter.o(.text)
    Fc_PID_Save_Overtime                     0x0800a01f   Thumb Code    46  fc_parameter.o(.text)
    Fc_RadioContrl                           0x0800a059   Thumb Code    18  fc_revice.o(.text)
    Fc_NoHeadMode_Establishment              0x0800a06b   Thumb Code   292  fc_revice.o(.text)
    Fc_RadioContrl_Target                    0x0800a18f   Thumb Code   396  fc_revice.o(.text)
    Fc_unlock                                0x0800a31b   Thumb Code   394  fc_revice.o(.text)
    Fc_fail_safe                             0x0800a4a5   Thumb Code    80  fc_revice.o(.text)
    Fc_Static_Check                          0x0800a4f5   Thumb Code   106  fc_revice.o(.text)
    Fc_Flag_Check                            0x0800a55f   Thumb Code    98  fc_revice.o(.text)
    Fc_UnLock                                0x0800a5c1   Thumb Code    12  fc_revice.o(.text)
    FC_RC_State                              0x0800a5cd   Thumb Code    56  fc_revice.o(.text)
    Fc_key_function                          0x0800a605   Thumb Code   130  fc_revice.o(.text)
    __use_two_region_memory                  0x0800a6b5   Thumb Code     2  heapauxi.o(.text)
    __rt_heap_escrow$2region                 0x0800a6b7   Thumb Code     2  heapauxi.o(.text)
    __rt_heap_expand$2region                 0x0800a6b9   Thumb Code     2  heapauxi.o(.text)
    __read_errno                             0x0800a6bb   Thumb Code    10  _rserrno.o(.text)
    __set_errno                              0x0800a6c5   Thumb Code    12  _rserrno.o(.text)
    __aeabi_errno_addr                       0x0800a6d1   Thumb Code     8  rt_errno_addr_intlibspace.o(.text)
    __errno$intlibspace                      0x0800a6d1   Thumb Code     0  rt_errno_addr_intlibspace.o(.text)
    __rt_errno_addr$intlibspace              0x0800a6d1   Thumb Code     0  rt_errno_addr_intlibspace.o(.text)
    __user_libspace                          0x0800a6d9   Thumb Code     8  libspace.o(.text)
    __user_perproc_libspace                  0x0800a6d9   Thumb Code     0  libspace.o(.text)
    __user_perthread_libspace                0x0800a6d9   Thumb Code     0  libspace.o(.text)
    __user_setup_stackheap                   0x0800a6e1   Thumb Code    74  sys_stackheap_outer.o(.text)
    exit                                     0x0800a72b   Thumb Code    12  exit.o(.text)
    _sys_exit                                0x0800a739   Thumb Code     8  sys_exit.o(.text)
    __I$use$semihosting                      0x0800a745   Thumb Code     0  use_no_semi.o(.text)
    __use_no_semihosting_swi                 0x0800a745   Thumb Code     2  use_no_semi.o(.text)
    __ARM_fpclassify                         0x0800a747   Thumb Code    40  fpclassify.o(i.__ARM_fpclassify)
    __semihosting_library_function           0x0800a747   Thumb Code     0  indicate_semi.o(.text)
    __ieee754_rem_pio2                       0x0800a771   Thumb Code   828  rred.o(i.__ieee754_rem_pio2)
    __kernel_cos                             0x0800aaf9   Thumb Code   230  cos_i.o(i.__kernel_cos)
    __kernel_poly                            0x0800abf5   Thumb Code   170  poly.o(i.__kernel_poly)
    __kernel_sin                             0x0800aca1   Thumb Code   224  sin_i.o(i.__kernel_sin)
    __mathlib_dbl_infnan                     0x0800ad8d   Thumb Code     6  dunder.o(i.__mathlib_dbl_infnan)
    __mathlib_dbl_invalid                    0x0800ad93   Thumb Code    12  dunder.o(i.__mathlib_dbl_invalid)
    __mathlib_dbl_underflow                  0x0800ada1   Thumb Code    10  dunder.o(i.__mathlib_dbl_underflow)
    asin                                     0x0800adb1   Thumb Code   572  asin.o(i.asin)
    cos                                      0x0800b021   Thumb Code   148  cos.o(i.cos)
    sin                                      0x0800b0bd   Thumb Code   150  sin.o(i.sin)
    sqrt                                     0x0800b15d   Thumb Code    76  sqrt.o(i.sqrt)
    __aeabi_d2f                              0x0800b1a9   Thumb Code     0  d2f.o(x$fpl$d2f)
    _d2f                                     0x0800b1a9   Thumb Code    98  d2f.o(x$fpl$d2f)
    __aeabi_dadd                             0x0800b20d   Thumb Code     0  daddsub_clz.o(x$fpl$dadd)
    _dadd                                    0x0800b20d   Thumb Code   332  daddsub_clz.o(x$fpl$dadd)
    __fpl_dcheck_NaN1                        0x0800b35d   Thumb Code    10  dcheck1.o(x$fpl$dcheck1)
    __fpl_dcmp_Inf                           0x0800b36d   Thumb Code    24  dcmpi.o(x$fpl$dcmpinf)
    __aeabi_ddiv                             0x0800b385   Thumb Code     0  ddiv.o(x$fpl$ddiv)
    _ddiv                                    0x0800b385   Thumb Code   552  ddiv.o(x$fpl$ddiv)
    __aeabi_d2iz                             0x0800b635   Thumb Code     0  dfix.o(x$fpl$dfix)
    _dfix                                    0x0800b635   Thumb Code    94  dfix.o(x$fpl$dfix)
    __aeabi_i2d                              0x0800b693   Thumb Code     0  dflt_clz.o(x$fpl$dflt)
    _dflt                                    0x0800b693   Thumb Code    46  dflt_clz.o(x$fpl$dflt)
    __aeabi_ui2d                             0x0800b6c1   Thumb Code     0  dflt_clz.o(x$fpl$dfltu)
    _dfltu                                   0x0800b6c1   Thumb Code    38  dflt_clz.o(x$fpl$dfltu)
    __aeabi_cdcmple                          0x0800b6e9   Thumb Code     0  dleqf.o(x$fpl$dleqf)
    _dcmple                                  0x0800b6e9   Thumb Code   120  dleqf.o(x$fpl$dleqf)
    __fpl_dcmple_InfNaN                      0x0800b74b   Thumb Code     0  dleqf.o(x$fpl$dleqf)
    __aeabi_dmul                             0x0800b761   Thumb Code     0  dmul.o(x$fpl$dmul)
    _dmul                                    0x0800b761   Thumb Code   332  dmul.o(x$fpl$dmul)
    __fpl_dnaninf                            0x0800b8b5   Thumb Code   156  dnaninf.o(x$fpl$dnaninf)
    __fpl_dretinf                            0x0800b951   Thumb Code    12  dretinf.o(x$fpl$dretinf)
    __aeabi_cdrcmple                         0x0800b95d   Thumb Code     0  drleqf.o(x$fpl$drleqf)
    _drcmple                                 0x0800b95d   Thumb Code   108  drleqf.o(x$fpl$drleqf)
    __aeabi_drsub                            0x0800b9c9   Thumb Code     0  daddsub_clz.o(x$fpl$drsb)
    _drsb                                    0x0800b9c9   Thumb Code    22  daddsub_clz.o(x$fpl$drsb)
    _dsqrt                                   0x0800b9e1   Thumb Code   456  dsqrt_noumaal.o(x$fpl$dsqrt)
    __aeabi_dsub                             0x0800bbad   Thumb Code     0  daddsub_clz.o(x$fpl$dsub)
    _dsub                                    0x0800bbad   Thumb Code   464  daddsub_clz.o(x$fpl$dsub)
    __aeabi_f2d                              0x0800bd81   Thumb Code     0  f2d.o(x$fpl$f2d)
    _f2d                                     0x0800bd81   Thumb Code    86  f2d.o(x$fpl$f2d)
    __aeabi_fadd                             0x0800bdd9   Thumb Code     0  faddsub_clz.o(x$fpl$fadd)
    _fadd                                    0x0800bdd9   Thumb Code   196  faddsub_clz.o(x$fpl$fadd)
    __fpl_fcmp_Inf                           0x0800be9d   Thumb Code    24  fcmpi.o(x$fpl$fcmpinf)
    __aeabi_fdiv                             0x0800beb5   Thumb Code     0  fdiv.o(x$fpl$fdiv)
    _fdiv                                    0x0800beb5   Thumb Code   384  fdiv.o(x$fpl$fdiv)
    __aeabi_cfcmpeq                          0x0800c039   Thumb Code     0  feqf.o(x$fpl$feqf)
    _fcmpeq                                  0x0800c039   Thumb Code   104  feqf.o(x$fpl$feqf)
    __aeabi_f2iz                             0x0800c0a1   Thumb Code     0  ffix.o(x$fpl$ffix)
    _ffix                                    0x0800c0a1   Thumb Code    54  ffix.o(x$fpl$ffix)
    __aeabi_f2uiz                            0x0800c0d9   Thumb Code     0  ffixu.o(x$fpl$ffixu)
    _ffixu                                   0x0800c0d9   Thumb Code    62  ffixu.o(x$fpl$ffixu)
    __aeabi_i2f                              0x0800c119   Thumb Code     0  fflt_clz.o(x$fpl$fflt)
    _fflt                                    0x0800c119   Thumb Code    48  fflt_clz.o(x$fpl$fflt)
    __aeabi_ui2f                             0x0800c149   Thumb Code     0  fflt_clz.o(x$fpl$ffltu)
    _ffltu                                   0x0800c149   Thumb Code    38  fflt_clz.o(x$fpl$ffltu)
    __aeabi_cfcmple                          0x0800c171   Thumb Code     0  fleqf.o(x$fpl$fleqf)
    _fcmple                                  0x0800c171   Thumb Code   104  fleqf.o(x$fpl$fleqf)
    __fpl_fcmple_InfNaN                      0x0800c1c3   Thumb Code     0  fleqf.o(x$fpl$fleqf)
    __aeabi_fmul                             0x0800c1d9   Thumb Code     0  fmul.o(x$fpl$fmul)
    _fmul                                    0x0800c1d9   Thumb Code   258  fmul.o(x$fpl$fmul)
    __fpl_fnaninf                            0x0800c2db   Thumb Code   140  fnaninf.o(x$fpl$fnaninf)
    __fpl_fretinf                            0x0800c367   Thumb Code    10  fretinf.o(x$fpl$fretinf)
    __aeabi_cfrcmple                         0x0800c371   Thumb Code     0  frleqf.o(x$fpl$frleqf)
    _frcmple                                 0x0800c371   Thumb Code    98  frleqf.o(x$fpl$frleqf)
    __aeabi_frsub                            0x0800c3d3   Thumb Code     0  faddsub_clz.o(x$fpl$frsb)
    _frsb                                    0x0800c3d3   Thumb Code    20  faddsub_clz.o(x$fpl$frsb)
    __aeabi_fsub                             0x0800c3e9   Thumb Code     0  faddsub_clz.o(x$fpl$fsub)
    _fsub                                    0x0800c3e9   Thumb Code   234  faddsub_clz.o(x$fpl$fsub)
    __fpl_return_NaN                         0x0800c4d3   Thumb Code   100  retnan.o(x$fpl$retnan)
    __ARM_scalbn                             0x0800c537   Thumb Code    92  scalbn.o(x$fpl$scalbn)
    __fpl_cmpreturn                          0x0800c593   Thumb Code    48  trapv.o(x$fpl$trapveneer)
    __I$use$fp                               0x0800c5c2   Number         0  usenofp.o(x$fpl$usenofp)
    Region$$Table$$Base                      0x0800c738   Number         0  anon$$obj.o(Region$$Table)
    Region$$Table$$Limit                     0x0800c758   Number         0  anon$$obj.o(Region$$Table)
    SystemCoreClock                          0x20000000   Data           4  system_stm32f10x.o(.data)
    AHBPrescTable                            0x20000004   Data          16  system_stm32f10x.o(.data)
    TIME_CONTANST_ZER                        0x20000040   Data           4  fc_seedestimated.o(.data)
    Altitude_Dealt                           0x20000044   Data           4  fc_seedestimated.o(.data)
    Altitude_Estimate                        0x20000048   Data           4  fc_seedestimated.o(.data)
    X_Delta                                  0x2000004c   Data           4  fc_seedestimated.o(.data)
    Y_Delta                                  0x20000050   Data           4  fc_seedestimated.o(.data)
    k                                        0x20000054   Data           4  fc_seedestimated.o(.data)
    Pos_Err_On_Accel                         0x20000058   Data           8  fc_seedestimated.o(.data)
    Accel_Correction_BF                      0x20000060   Data           8  fc_seedestimated.o(.data)
    Acceleration_Length                      0x20000068   Data           4  fc_seedestimated.o(.data)
    ref_height_old                           0x2000006c   Data           4  fc_seedestimated.o(.data)
    ref_speed_old                            0x20000070   Data           4  fc_seedestimated.o(.data)
    wcz_ref_height                           0x20000074   Data           4  fc_seedestimated.o(.data)
    wcz_ref_speed                            0x20000078   Data           4  fc_seedestimated.o(.data)
    baro_height                              0x20000080   Data           4  fc_seedestimated.o(.data)
    baro_height_old                          0x20000084   Data           4  fc_seedestimated.o(.data)
    baro_speed_o                             0x20000088   Data           4  fc_seedestimated.o(.data)
    baro_speed                               0x2000008c   Data           4  fc_seedestimated.o(.data)
    speed_av                                 0x20000090   Data           4  fc_seedestimated.o(.data)
    speed_av_cnt                             0x20000094   Data           2  fc_seedestimated.o(.data)
    speed_delta                              0x20000098   Data           4  fc_seedestimated.o(.data)
    speed_delta_lpf                          0x2000009c   Data           4  fc_seedestimated.o(.data)
    fast_atan_table                          0x200000a0   Data        1028  mymath.o(.data)
    Adc_ConvertedValue                       0x200004a4   Data           4  device_adc.o(.data)
    ProductID                                0x200004a8   Data           1  device_flow.o(.data)
    bStopReadMotion                          0x200004ac   Data           4  device_flow.o(.data)
    bPower_On                                0x200004b0   Data           4  device_flow.o(.data)
    bRegMapON                                0x200004b4   Data           4  device_flow.o(.data)
    bFastFrameCapture                        0x200004b8   Data           4  device_flow.o(.data)
    bEnableJitterSuppression                 0x200004bc   Data           4  device_flow.o(.data)
    TxCounter2                               0x200004c0   Data           1  device_uart.o(.data)
    count2                                   0x200004c1   Data           1  device_uart.o(.data)
    TxCounter5                               0x200004c2   Data           1  device_uart.o(.data)
    count5                                   0x200004c3   Data           1  device_uart.o(.data)
    TxCounter4                               0x200004c4   Data           1  device_uart.o(.data)
    count4                                   0x200004c5   Data           1  device_uart.o(.data)
    Bluet_Erro                               0x200004c6   Data           2  device_bluetooth.o(.data)
    Bluet_SSI                                0x200004c8   Data           1  device_bluetooth.o(.data)
    Bluet_SSI_CNT                            0x200004c9   Data           1  device_bluetooth.o(.data)
    baro_Offset                              0x200004d4   Data           4  device_mpc2520.o(.data)
    alt_3                                    0x200004d8   Data           4  device_mpc2520.o(.data)
    height                                   0x200004dc   Data           4  device_mpc2520.o(.data)
    hard_error_mpc2520                       0x200004e0   Data           1  device_mpc2520.o(.data)
    TX_ADDRESS                               0x200004e2   Data           5  device_nrf24l01.o(.data)
    RX_ADDRESS                               0x200004e7   Data           5  device_nrf24l01.o(.data)
    NRF_SSI                                  0x200004ec   Data           1  device_nrf24l01.o(.data)
    NRF_SSI_CNT                              0x200004ed   Data           1  device_nrf24l01.o(.data)
    Nrf_Erro                                 0x200004ee   Data           2  device_nrf24l01.o(.data)
    voltage                                  0x200004f4   Data           2  driver_voltage.o(.data)
    text                                     0x200004f8   Data           4  driver_voltage.o(.data)
    acc_sum_cnt                              0x20000500   Data           2  driver_icm20602.o(.data)
    gyro_sum_cnt                             0x20000502   Data           2  driver_icm20602.o(.data)
    b_IIR                                    0x20000508   Data          40  driver_icm20602.o(.data)
    a_IIR                                    0x20000530   Data          40  driver_icm20602.o(.data)
    hard_error_ICM20602                      0x20000558   Data           1  fc_init.o(.data)
    init_finish                              0x20000559   Data           1  fc_init.o(.data)
    nrf_eanble                               0x2000055a   Data           1  fc_init.o(.data)
    exp_height_speed                         0x2000055c   Data           4  fc_control.o(.data)
    exp_height                               0x20000560   Data           4  fc_control.o(.data)
    exp_speed                                0x20000564   Data           4  fc_control.o(.data)
    start_thr                                0x20000568   Data           2  fc_control.o(.data)
    langflag                                 0x2000056a   Data           2  fc_control.o(.data)
    err_i_comp                               0x2000056c   Data           4  fc_control.o(.data)
    ct_val_thr                               0x20000570   Data           4  fc_control.o(.data)
    AngleConrtolCnt                          0x20000574   Data           1  fc_control.o(.data)
    ct_alt_hold                              0x20000575   Data           1  fc_control.o(.data)
    ct_pos_hold                              0x20000576   Data           1  fc_control.o(.data)
    balance_max                              0x20000578   Data           2  fc_control.o(.data)
    Control_Device_Div_LPF_Parameter         0x2000057c   Data          24  fc_control.o(.data)
    Control_Device_Err_LPF_Parameter         0x20000594   Data          24  fc_control.o(.data)
    Pitch                                    0x200005ac   Data           2  fc_control.o(.data)
    Roll                                     0x200005ae   Data           2  fc_control.o(.data)
    Yaw                                      0x200005b0   Data           2  fc_control.o(.data)
    wait_for_translate                       0x200005b4   Data           1  fc_data_transfer.o(.data)
    i                                        0x200005bc   Data           2  fc_scheduler.o(.data)
    ms                                       0x200005be   Data           2  fc_scheduler.o(.data)
    time_sum                                 0x200005c0   Data           4  fc_scheduler.o(.data)
    usTicks                                  0x200005c8   Data           4  fc_systream_time.o(.data)
    sysTickUptime                            0x200005cc   Data           4  fc_systream_time.o(.data)
    save_pid_en                              0x200005d2   Data           2  fc_parameter.o(.data)
    unlook                                   0x200005d4   Data           1  fc_revice.o(.data)
    look                                     0x200005d5   Data           1  fc_revice.o(.data)
    Calibrate_cnt                            0x200005d6   Data           1  fc_revice.o(.data)
    test_flag                                0x200005d8   Data           2  fc_revice.o(.data)
    set_flag                                 0x200005da   Data           2  fc_revice.o(.data)
    Rc_Angle                                 0x200005dc   Data           4  fc_revice.o(.data)
    Rc_Abs                                   0x200005e0   Data           4  fc_revice.o(.data)
    NewSinsData                              0x200005f4   Data        1308  fc_seedestimated.o(.bss)
    OrigionSinsData                          0x20000b10   Data        1308  fc_seedestimated.o(.bss)
    pos_correction                           0x2000102c   Data          12  fc_seedestimated.o(.bss)
    acc_correction                           0x20001038   Data          12  fc_seedestimated.o(.bss)
    vel_correction                           0x20001044   Data          12  fc_seedestimated.o(.bss)
    SpeedDealt                               0x20001050   Data          12  fc_seedestimated.o(.bss)
    Position_History                         0x2000105c   Data         800  fc_seedestimated.o(.bss)
    Vel_History                              0x2000137c   Data         800  fc_seedestimated.o(.bss)
    z_est                                    0x2000169c   Data          12  fc_seedestimated.o(.bss)
    wcz_spe_fus                              0x200016a8   Data          24  fc_seedestimated.o(.bss)
    wcz_hei_fus                              0x200016c0   Data          24  fc_seedestimated.o(.bss)
    speed_av_arr                             0x200016d8   Data          40  fc_seedestimated.o(.bss)
    MotionData                               0x20001700   Data          12  device_flow.o(.bss)
    TxBuffer2                                0x2000170c   Data         256  device_uart.o(.bss)
    TxBuffer5                                0x2000180c   Data         256  device_uart.o(.bss)
    TxBuffer4                                0x2000190c   Data         256  device_uart.o(.bss)
    NRF24L01_2_RXDATA                        0x20001a6c   Data         255  device_nrf24l01.o(.bss)
    NRF24L01_2_TXDATA                        0x20001b6b   Data         255  device_nrf24l01.o(.bss)
    sum_temp                                 0x20001c70   Data          28  driver_icm20602.o(.bss)
    InPut_IIR                                0x20001c90   Data         120  driver_icm20602.o(.bss)
    OutPut_IIR                               0x20001d08   Data         120  driver_icm20602.o(.bss)
    steepest_ax                              0x20001d80   Data          20  driver_icm20602.o(.bss)
    steepest_ay                              0x20001d94   Data          20  driver_icm20602.o(.bss)
    steepest_az                              0x20001da8   Data          20  driver_icm20602.o(.bss)
    steepest_gx                              0x20001dbc   Data          20  driver_icm20602.o(.bss)
    steepest_gy                              0x20001dd0   Data          20  driver_icm20602.o(.bss)
    steepest_gz                              0x20001de4   Data          20  driver_icm20602.o(.bss)
    steepest_ax_arr                          0x20001df8   Data          80  driver_icm20602.o(.bss)
    steepest_ay_arr                          0x20001e48   Data          80  driver_icm20602.o(.bss)
    steepest_az_arr                          0x20001e98   Data          80  driver_icm20602.o(.bss)
    steepest_gx_arr                          0x20001ee8   Data          20  driver_icm20602.o(.bss)
    steepest_gy_arr                          0x20001efc   Data          20  driver_icm20602.o(.bss)
    steepest_gz_arr                          0x20001f10   Data          20  driver_icm20602.o(.bss)
    balance                                  0x20001f24   Data          12  fc_control.o(.bss)
    f                                        0x20001f30   Data          14  fc_data_transfer.o(.bss)
    data_to_send                             0x20001f3e   Data          50  fc_data_transfer.o(.bss)
    g_FlyControlDataStruct                   0x20001fa4   Data        1936  fc_scheduler.o(.bss)
    time                                     0x20002734   Data          40  fc_scheduler.o(.bss)
    g_AllParamStruct                         0x2000275c   Data         264  fc_parameter.o(.bss)
    __libspace_start                         0x20002864   Data          96  libspace.o(.bss)
    __temporary_stack_top$libspace           0x200028c4   Data           0  libspace.o(.bss)



==============================================================================

Memory Map of the image

  Image Entry point : 0x08000131

  Load Region LR_IROM1 (Base: 0x08000000, Size: 0x0000cd40, Max: 0x00040000, ABSOLUTE, COMPRESSED[0x0000cbec])

    Execution Region ER_IROM1 (Base: 0x08000000, Size: 0x0000c758, Max: 0x00040000, ABSOLUTE)

    Base Addr    Size         Type   Attr      Idx    E Section Name        Object

    0x08000000   0x00000130   Data   RO          185    RESET               startup_stm32f10x_hd.o
    0x08000130   0x00000008   Code   RO         1050  * !!!main             c_w.l(__main.o)
    0x08000138   0x00000034   Code   RO         1366    !!!scatter          c_w.l(__scatter.o)
    0x0800016c   0x0000005a   Code   RO         1364    !!dczerorl2         c_w.l(__dczerorl2.o)
    0x080001c6   0x00000002   PAD
    0x080001c8   0x0000001c   Code   RO         1368    !!handler_zi        c_w.l(__scatter_zi.o)
    0x080001e4   0x00000002   Code   RO         1234    .ARM.Collect$$libinit$$00000000  c_w.l(libinit.o)
    0x080001e6   0x00000000   Code   RO         1240    .ARM.Collect$$libinit$$00000002  c_w.l(libinit2.o)
    0x080001e6   0x00000000   Code   RO         1242    .ARM.Collect$$libinit$$00000004  c_w.l(libinit2.o)
    0x080001e6   0x00000000   Code   RO         1245    .ARM.Collect$$libinit$$0000000A  c_w.l(libinit2.o)
    0x080001e6   0x00000000   Code   RO         1247    .ARM.Collect$$libinit$$0000000C  c_w.l(libinit2.o)
    0x080001e6   0x00000000   Code   RO         1249    .ARM.Collect$$libinit$$0000000E  c_w.l(libinit2.o)
    0x080001e6   0x00000000   Code   RO         1252    .ARM.Collect$$libinit$$00000011  c_w.l(libinit2.o)
    0x080001e6   0x00000000   Code   RO         1254    .ARM.Collect$$libinit$$00000013  c_w.l(libinit2.o)
    0x080001e6   0x00000000   Code   RO         1256    .ARM.Collect$$libinit$$00000015  c_w.l(libinit2.o)
    0x080001e6   0x00000000   Code   RO         1258    .ARM.Collect$$libinit$$00000017  c_w.l(libinit2.o)
    0x080001e6   0x00000000   Code   RO         1260    .ARM.Collect$$libinit$$00000019  c_w.l(libinit2.o)
    0x080001e6   0x00000000   Code   RO         1262    .ARM.Collect$$libinit$$0000001B  c_w.l(libinit2.o)
    0x080001e6   0x00000000   Code   RO         1264    .ARM.Collect$$libinit$$0000001D  c_w.l(libinit2.o)
    0x080001e6   0x00000000   Code   RO         1266    .ARM.Collect$$libinit$$0000001F  c_w.l(libinit2.o)
    0x080001e6   0x00000000   Code   RO         1268    .ARM.Collect$$libinit$$00000021  c_w.l(libinit2.o)
    0x080001e6   0x00000000   Code   RO         1270    .ARM.Collect$$libinit$$00000023  c_w.l(libinit2.o)
    0x080001e6   0x00000000   Code   RO         1272    .ARM.Collect$$libinit$$00000025  c_w.l(libinit2.o)
    0x080001e6   0x00000000   Code   RO         1276    .ARM.Collect$$libinit$$0000002C  c_w.l(libinit2.o)
    0x080001e6   0x00000000   Code   RO         1278    .ARM.Collect$$libinit$$0000002E  c_w.l(libinit2.o)
    0x080001e6   0x00000000   Code   RO         1280    .ARM.Collect$$libinit$$00000030  c_w.l(libinit2.o)
    0x080001e6   0x00000000   Code   RO         1282    .ARM.Collect$$libinit$$00000032  c_w.l(libinit2.o)
    0x080001e6   0x00000002   Code   RO         1283    .ARM.Collect$$libinit$$00000033  c_w.l(libinit2.o)
    0x080001e8   0x00000002   Code   RO         1305    .ARM.Collect$$libshutdown$$00000000  c_w.l(libshutdown.o)
    0x080001ea   0x00000000   Code   RO         1319    .ARM.Collect$$libshutdown$$00000003  c_w.l(libshutdown2.o)
    0x080001ea   0x00000000   Code   RO         1322    .ARM.Collect$$libshutdown$$00000006  c_w.l(libshutdown2.o)
    0x080001ea   0x00000000   Code   RO         1325    .ARM.Collect$$libshutdown$$00000009  c_w.l(libshutdown2.o)
    0x080001ea   0x00000000   Code   RO         1327    .ARM.Collect$$libshutdown$$0000000B  c_w.l(libshutdown2.o)
    0x080001ea   0x00000000   Code   RO         1330    .ARM.Collect$$libshutdown$$0000000E  c_w.l(libshutdown2.o)
    0x080001ea   0x00000002   Code   RO         1331    .ARM.Collect$$libshutdown$$0000000F  c_w.l(libshutdown2.o)
    0x080001ec   0x00000000   Code   RO         1144    .ARM.Collect$$rtentry$$00000000  c_w.l(__rtentry.o)
    0x080001ec   0x00000000   Code   RO         1201    .ARM.Collect$$rtentry$$00000002  c_w.l(__rtentry2.o)
    0x080001ec   0x00000006   Code   RO         1213    .ARM.Collect$$rtentry$$00000004  c_w.l(__rtentry4.o)
    0x080001f2   0x00000000   Code   RO         1203    .ARM.Collect$$rtentry$$00000009  c_w.l(__rtentry2.o)
    0x080001f2   0x00000004   Code   RO         1204    .ARM.Collect$$rtentry$$0000000A  c_w.l(__rtentry2.o)
    0x080001f6   0x00000000   Code   RO         1206    .ARM.Collect$$rtentry$$0000000C  c_w.l(__rtentry2.o)
    0x080001f6   0x00000008   Code   RO         1207    .ARM.Collect$$rtentry$$0000000D  c_w.l(__rtentry2.o)
    0x080001fe   0x00000002   Code   RO         1237    .ARM.Collect$$rtexit$$00000000  c_w.l(rtexit.o)
    0x08000200   0x00000000   Code   RO         1287    .ARM.Collect$$rtexit$$00000002  c_w.l(rtexit2.o)
    0x08000200   0x00000004   Code   RO         1288    .ARM.Collect$$rtexit$$00000003  c_w.l(rtexit2.o)
    0x08000204   0x00000006   Code   RO         1289    .ARM.Collect$$rtexit$$00000004  c_w.l(rtexit2.o)
    0x0800020a   0x00000002   PAD
    0x0800020c   0x00000020   Code   RO            1    .text               main.o
    0x0800022c   0x00000018   Code   RO          113    .text               stm32f10x_it.o
    0x08000244   0x000001dc   Code   RO          154    .text               system_stm32f10x.o
    0x08000420   0x00000040   Code   RO          186    .text               startup_stm32f10x_hd.o
    0x08000460   0x000000dc   Code   RO          190    .text               misc.o
    0x0800053c   0x0000044e   Code   RO          221    .text               stm32f10x_adc.o
    0x0800098a   0x00000002   PAD
    0x0800098c   0x00000254   Code   RO          305    .text               stm32f10x_dma.o
    0x08000be0   0x000005bc   Code   RO          329    .text               stm32f10x_flash.o
    0x0800119c   0x0000035c   Code   RO          341    .text               stm32f10x_gpio.o
    0x080014f8   0x000003a8   Code   RO          389    .text               stm32f10x_rcc.o
    0x080018a0   0x0000030c   Code   RO          427    .text               stm32f10x_spi.o
    0x08001bac   0x00000e1a   Code   RO          439    .text               stm32f10x_tim.o
    0x080029c6   0x00000002   PAD
    0x080029c8   0x00000408   Code   RO          451    .text               stm32f10x_usart.o
    0x08002dd0   0x00000900   Code   RO          475    .text               algorithm_ahrs.o
    0x080036d0   0x000005f4   Code   RO          518    .text               fc_seedestimated.o
    0x08003cc4   0x000006a0   Code   RO          551    .text               mymath.o
    0x08004364   0x000006d4   Code   RO          566    .text               filter.o
    0x08004a38   0x00000118   Code   RO          581    .text               device_adc.o
    0x08004b50   0x00000398   Code   RO          599    .text               device_iic.o
    0x08004ee8   0x000004e0   Code   RO          617    .text               device_flow.o
    0x080053c8   0x00000220   Code   RO          637    .text               device_spi.o
    0x080055e8   0x00000188   Code   RO          649    .text               device_uart.o
    0x08005770   0x00000194   Code   RO          695    .text               device_pwm_out.o
    0x08005904   0x00000274   Code   RO          710    .text               device_bluetooth.o
    0x08005b78   0x000001e0   Code   RO          735    .text               device_icm20602 .o
    0x08005d58   0x000006fc   Code   RO          755    .text               device_mpc2520.o
    0x08006454   0x000002d4   Code   RO          783    .text               device_nrf24l01.o
    0x08006728   0x000000a8   Code   RO          825    .text               device_flash.o
    0x080067d0   0x000000b8   Code   RO          841    .text               driver_voltage.o
    0x08006888   0x00000444   Code   RO          864    .text               driver_icm20602.o
    0x08006ccc   0x0000011c   Code   RO          887    .text               fc_init.o
    0x08006de8   0x00001414   Code   RO          920    .text               fc_control.o
    0x080081fc   0x000016fc   Code   RO          940    .text               fc_data_transfer.o
    0x080098f8   0x0000030c   Code   RO          967    .text               fc_scheduler.o
    0x08009c04   0x000000e8   Code   RO          994    .text               fc_systream_time.o
    0x08009cec   0x0000036c   Code   RO         1010    .text               fc_parameter.o
    0x0800a058   0x0000065c   Code   RO         1027    .text               fc_revice.o
    0x0800a6b4   0x00000006   Code   RO         1048    .text               c_w.l(heapauxi.o)
    0x0800a6ba   0x00000016   Code   RO         1145    .text               c_w.l(_rserrno.o)
    0x0800a6d0   0x00000008   Code   RO         1218    .text               c_w.l(rt_errno_addr_intlibspace.o)
    0x0800a6d8   0x00000008   Code   RO         1222    .text               c_w.l(libspace.o)
    0x0800a6e0   0x0000004a   Code   RO         1225    .text               c_w.l(sys_stackheap_outer.o)
    0x0800a72a   0x0000000c   Code   RO         1227    .text               c_w.l(exit.o)
    0x0800a736   0x00000002   PAD
    0x0800a738   0x0000000c   Code   RO         1297    .text               c_w.l(sys_exit.o)
    0x0800a744   0x00000002   Code   RO         1308    .text               c_w.l(use_no_semi.o)
    0x0800a746   0x00000000   Code   RO         1310    .text               c_w.l(indicate_semi.o)
    0x0800a746   0x00000028   Code   RO         1185    i.__ARM_fpclassify  m_ws.l(fpclassify.o)
    0x0800a76e   0x00000002   PAD
    0x0800a770   0x00000388   Code   RO         1189    i.__ieee754_rem_pio2  m_ws.l(rred.o)
    0x0800aaf8   0x000000fc   Code   RO         1168    i.__kernel_cos      m_ws.l(cos_i.o)
    0x0800abf4   0x000000aa   Code   RO         1187    i.__kernel_poly     m_ws.l(poly.o)
    0x0800ac9e   0x00000002   PAD
    0x0800aca0   0x000000ec   Code   RO         1194    i.__kernel_sin      m_ws.l(sin_i.o)
    0x0800ad8c   0x00000006   Code   RO         1172    i.__mathlib_dbl_infnan  m_ws.l(dunder.o)
    0x0800ad92   0x0000000c   Code   RO         1174    i.__mathlib_dbl_invalid  m_ws.l(dunder.o)
    0x0800ad9e   0x00000002   PAD
    0x0800ada0   0x00000010   Code   RO         1177    i.__mathlib_dbl_underflow  m_ws.l(dunder.o)
    0x0800adb0   0x00000270   Code   RO         1111    i.asin              m_ws.l(asin.o)
    0x0800b020   0x0000009c   Code   RO         1121    i.cos               m_ws.l(cos.o)
    0x0800b0bc   0x000000a0   Code   RO         1129    i.sin               m_ws.l(sin.o)
    0x0800b15c   0x0000004c   Code   RO         1137    i.sqrt              m_ws.l(sqrt.o)
    0x0800b1a8   0x00000062   Code   RO         1052    x$fpl$d2f           fz_ws.l(d2f.o)
    0x0800b20a   0x00000002   PAD
    0x0800b20c   0x00000150   Code   RO         1054    x$fpl$dadd          fz_ws.l(daddsub_clz.o)
    0x0800b35c   0x00000010   Code   RO         1220    x$fpl$dcheck1       fz_ws.l(dcheck1.o)
    0x0800b36c   0x00000018   Code   RO         1147    x$fpl$dcmpinf       fz_ws.l(dcmpi.o)
    0x0800b384   0x000002b0   Code   RO         1150    x$fpl$ddiv          fz_ws.l(ddiv.o)
    0x0800b634   0x0000005e   Code   RO         1060    x$fpl$dfix          fz_ws.l(dfix.o)
    0x0800b692   0x0000002e   Code   RO         1065    x$fpl$dflt          fz_ws.l(dflt_clz.o)
    0x0800b6c0   0x00000026   Code   RO         1064    x$fpl$dfltu         fz_ws.l(dflt_clz.o)
    0x0800b6e6   0x00000002   PAD
    0x0800b6e8   0x00000078   Code   RO         1070    x$fpl$dleqf         fz_ws.l(dleqf.o)
    0x0800b760   0x00000154   Code   RO         1072    x$fpl$dmul          fz_ws.l(dmul.o)
    0x0800b8b4   0x0000009c   Code   RO         1153    x$fpl$dnaninf       fz_ws.l(dnaninf.o)
    0x0800b950   0x0000000c   Code   RO         1155    x$fpl$dretinf       fz_ws.l(dretinf.o)
    0x0800b95c   0x0000006c   Code   RO         1074    x$fpl$drleqf        fz_ws.l(drleqf.o)
    0x0800b9c8   0x00000016   Code   RO         1055    x$fpl$drsb          fz_ws.l(daddsub_clz.o)
    0x0800b9de   0x00000002   PAD
    0x0800b9e0   0x000001cc   Code   RO         1157    x$fpl$dsqrt         fz_ws.l(dsqrt_noumaal.o)
    0x0800bbac   0x000001d4   Code   RO         1056    x$fpl$dsub          fz_ws.l(daddsub_clz.o)
    0x0800bd80   0x00000056   Code   RO         1076    x$fpl$f2d           fz_ws.l(f2d.o)
    0x0800bdd6   0x00000002   PAD
    0x0800bdd8   0x000000c4   Code   RO         1078    x$fpl$fadd          fz_ws.l(faddsub_clz.o)
    0x0800be9c   0x00000018   Code   RO         1159    x$fpl$fcmpinf       fz_ws.l(fcmpi.o)
    0x0800beb4   0x00000184   Code   RO         1085    x$fpl$fdiv          fz_ws.l(fdiv.o)
    0x0800c038   0x00000068   Code   RO         1088    x$fpl$feqf          fz_ws.l(feqf.o)
    0x0800c0a0   0x00000036   Code   RO         1090    x$fpl$ffix          fz_ws.l(ffix.o)
    0x0800c0d6   0x00000002   PAD
    0x0800c0d8   0x0000003e   Code   RO         1094    x$fpl$ffixu         fz_ws.l(ffixu.o)
    0x0800c116   0x00000002   PAD
    0x0800c118   0x00000030   Code   RO         1099    x$fpl$fflt          fz_ws.l(fflt_clz.o)
    0x0800c148   0x00000026   Code   RO         1098    x$fpl$ffltu         fz_ws.l(fflt_clz.o)
    0x0800c16e   0x00000002   PAD
    0x0800c170   0x00000068   Code   RO         1104    x$fpl$fleqf         fz_ws.l(fleqf.o)
    0x0800c1d8   0x00000102   Code   RO         1106    x$fpl$fmul          fz_ws.l(fmul.o)
    0x0800c2da   0x0000008c   Code   RO         1161    x$fpl$fnaninf       fz_ws.l(fnaninf.o)
    0x0800c366   0x0000000a   Code   RO         1163    x$fpl$fretinf       fz_ws.l(fretinf.o)
    0x0800c370   0x00000062   Code   RO         1108    x$fpl$frleqf        fz_ws.l(frleqf.o)
    0x0800c3d2   0x00000014   Code   RO         1079    x$fpl$frsb          fz_ws.l(faddsub_clz.o)
    0x0800c3e6   0x00000002   PAD
    0x0800c3e8   0x000000ea   Code   RO         1080    x$fpl$fsub          fz_ws.l(faddsub_clz.o)
    0x0800c4d2   0x00000064   Code   RO         1235    x$fpl$retnan        fz_ws.l(retnan.o)
    0x0800c536   0x0000005c   Code   RO         1165    x$fpl$scalbn        fz_ws.l(scalbn.o)
    0x0800c592   0x00000030   Code   RO         1284    x$fpl$trapveneer    fz_ws.l(trapv.o)
    0x0800c5c2   0x00000000   Code   RO         1167    x$fpl$usenofp       fz_ws.l(usenofp.o)
    0x0800c5c2   0x00000006   PAD
    0x0800c5c8   0x00000050   Data   RO         1112    .constdata          m_ws.l(asin.o)
    0x0800c618   0x00000030   Data   RO         1169    .constdata          m_ws.l(cos_i.o)
    0x0800c648   0x000000c8   Data   RO         1191    .constdata          m_ws.l(rred.o)
    0x0800c710   0x00000028   Data   RO         1195    .constdata          m_ws.l(sin_i.o)
    0x0800c738   0x00000020   Data   RO         1362    Region$$Table       anon$$obj.o


    Execution Region RW_IRAM1 (Base: 0x20000000, Size: 0x00002ec8, Max: 0x0000c000, ABSOLUTE, COMPRESSED[0x00000494])

    Base Addr    Size         Type   Attr      Idx    E Section Name        Object

    0x20000000   0x00000014   Data   RW          155    .data               system_stm32f10x.o
    0x20000014   0x00000014   Data   RW          390    .data               stm32f10x_rcc.o
    0x20000028   0x00000018   Data   RW          477    .data               algorithm_ahrs.o
    0x20000040   0x00000060   Data   RW          520    .data               fc_seedestimated.o
    0x200000a0   0x00000404   Data   RW          552    .data               mymath.o
    0x200004a4   0x00000004   Data   RW          582    .data               device_adc.o
    0x200004a8   0x00000018   Data   RW          619    .data               device_flow.o
    0x200004c0   0x00000006   Data   RW          651    .data               device_uart.o
    0x200004c6   0x00000008   Data   RW          712    .data               device_bluetooth.o
    0x200004ce   0x00000002   PAD
    0x200004d0   0x00000011   Data   RW          757    .data               device_mpc2520.o
    0x200004e1   0x00000001   PAD
    0x200004e2   0x0000000f   Data   RW          785    .data               device_nrf24l01.o
    0x200004f1   0x00000003   PAD
    0x200004f4   0x00000008   Data   RW          842    .data               driver_voltage.o
    0x200004fc   0x00000004   PAD
    0x20000500   0x00000058   Data   RW          866    .data               driver_icm20602.o
    0x20000558   0x00000003   Data   RW          888    .data               fc_init.o
    0x2000055b   0x00000001   PAD
    0x2000055c   0x00000058   Data   RW          922    .data               fc_control.o
    0x200005b4   0x00000008   Data   RW          942    .data               fc_data_transfer.o
    0x200005bc   0x0000000c   Data   RW          969    .data               fc_scheduler.o
    0x200005c8   0x00000009   Data   RW          995    .data               fc_systream_time.o
    0x200005d1   0x00000001   PAD
    0x200005d2   0x00000002   Data   RW         1012    .data               fc_parameter.o
    0x200005d4   0x00000012   Data   RW         1028    .data               fc_revice.o
    0x200005e6   0x00000002   PAD
    0x200005e8   0x0000000c   Zero   RW          476    .bss                algorithm_ahrs.o
    0x200005f4   0x0000110c   Zero   RW          519    .bss                fc_seedestimated.o
    0x20001700   0x0000000c   Zero   RW          618    .bss                device_flow.o
    0x2000170c   0x00000300   Zero   RW          650    .bss                device_uart.o
    0x20001a0c   0x00000032   Zero   RW          711    .bss                device_bluetooth.o
    0x20001a3e   0x00000002   PAD
    0x20001a40   0x0000002c   Zero   RW          756    .bss                device_mpc2520.o
    0x20001a6c   0x000001fe   Zero   RW          784    .bss                device_nrf24l01.o
    0x20001c6a   0x00000006   PAD
    0x20001c70   0x000002b4   Zero   RW          865    .bss                driver_icm20602.o
    0x20001f24   0x0000000c   Zero   RW          921    .bss                fc_control.o
    0x20001f30   0x00000072   Zero   RW          941    .bss                fc_data_transfer.o
    0x20001fa2   0x00000002   PAD
    0x20001fa4   0x000007b8   Zero   RW          968    .bss                fc_scheduler.o
    0x2000275c   0x00000108   Zero   RW         1011    .bss                fc_parameter.o
    0x20002864   0x00000060   Zero   RW         1223    .bss                c_w.l(libspace.o)
    0x200028c4   0x00000004   PAD
    0x200028c8   0x00000200   Zero   RW          184    HEAP                startup_stm32f10x_hd.o
    0x20002ac8   0x00000400   Zero   RW          183    STACK               startup_stm32f10x_hd.o


==============================================================================

Image component sizes


      Code (inc. data)   RO Data    RW Data    ZI Data      Debug   Object Name

      2304         52          0         24         12       7291   algorithm_ahrs.o
         0          0          0          0          0         32   core_cm3.o
       280         16          0          4          0       1655   device_adc.o
       628         34          0          8         50       2467   device_bluetooth.o
       168          6          0          0          0       1772   device_flash.o
      1248         24          0         24         12       4637   device_flow.o
       480          0          0          0          0       2195   device_icm20602 .o
       920          6          0          0          0       4489   device_iic.o
      1788         62          0         17         44       5449   device_mpc2520.o
       724         32          0         15        510       4004   device_nrf24l01.o
       404         16          0          0          0       1152   device_pwm_out.o
       544         22          0          0          0       2030   device_spi.o
       392         20          0          6        768       2372   device_uart.o
      1092         80          0         88        692       4724   driver_icm20602.o
       184         32          0          8          0        846   driver_voltage.o
      5140        356          0         88         12       8657   fc_control.o
      5884        148          0          8        114      10612   fc_data_transfer.o
       284         30          0          3          0      17543   fc_init.o
       876         12          0          2        264       1636   fc_parameter.o
      1628        124          0         18          0       3033   fc_revice.o
       780         36          0         12       1976       3270   fc_scheduler.o
      1524        134          0         96       4364      10979   fc_seedestimated.o
       232         20          0          9          0       2219   fc_systream_time.o
      1748         16          0          0          0       6205   filter.o
        32          4          0          0          0     277307   main.o
       220         22          0          0          0     215701   misc.o
      1696        104          0       1028          0       4840   mymath.o
        64         26        304          0       1536        808   startup_stm32f10x_hd.o
      1102         26          0          0          0      10857   stm32f10x_adc.o
       596          8          0          0          0       4354   stm32f10x_dma.o
      1468         34          0          0          0       8058   stm32f10x_flash.o
       860         38          0          0          0       5673   stm32f10x_gpio.o
        24          0          0          0          0       1118   stm32f10x_it.o
       936         40          0         20          0       8868   stm32f10x_rcc.o
       780         14          0          0          0       6550   stm32f10x_spi.o
      3610         88          0          0          0      22156   stm32f10x_tim.o
      1032         22          0          0          0       8392   stm32f10x_usart.o
       476         40          0         20          0       1823   system_stm32f10x.o

    ----------------------------------------------------------------------
     42152       1744        336       1512      10364     685774   Object Totals
         0          0         32          0          0          0   (incl. Generated)
         4          0          0         14         10          0   (incl. Padding)

    ----------------------------------------------------------------------

      Code (inc. data)   RO Data    RW Data    ZI Data      Debug   Library Member Name

        90          0          0          0          0          0   __dczerorl2.o
         8          0          0          0          0         68   __main.o
         0          0          0          0          0          0   __rtentry.o
        12          0          0          0          0          0   __rtentry2.o
         6          0          0          0          0          0   __rtentry4.o
        52          8          0          0          0          0   __scatter.o
        28          0          0          0          0          0   __scatter_zi.o
        22          0          0          0          0        100   _rserrno.o
        12          0          0          0          0         72   exit.o
         6          0          0          0          0        152   heapauxi.o
         0          0          0          0          0          0   indicate_semi.o
         2          0          0          0          0          0   libinit.o
         2          0          0          0          0          0   libinit2.o
         2          0          0          0          0          0   libshutdown.o
         2          0          0          0          0          0   libshutdown2.o
         8          4          0          0         96         68   libspace.o
         8          4          0          0          0         68   rt_errno_addr_intlibspace.o
         2          0          0          0          0          0   rtexit.o
        10          0          0          0          0          0   rtexit2.o
        12          4          0          0          0         68   sys_exit.o
        74          0          0          0          0         80   sys_stackheap_outer.o
         2          0          0          0          0         68   use_no_semi.o
        98          4          0          0          0         92   d2f.o
       826         16          0          0          0        348   daddsub_clz.o
        16          4          0          0          0         68   dcheck1.o
        24          0          0          0          0         68   dcmpi.o
       688        140          0          0          0        208   ddiv.o
        94          4          0          0          0         92   dfix.o
        84          0          0          0          0        136   dflt_clz.o
       120          4          0          0          0         92   dleqf.o
       340         12          0          0          0        104   dmul.o
       156          4          0          0          0         92   dnaninf.o
        12          0          0          0          0         68   dretinf.o
       108          0          0          0          0         80   drleqf.o
       460         56          0          0          0        120   dsqrt_noumaal.o
        86          4          0          0          0         84   f2d.o
       450          8          0          0          0        236   faddsub_clz.o
        24          0          0          0          0         68   fcmpi.o
       388         76          0          0          0         96   fdiv.o
       104          4          0          0          0         84   feqf.o
        54          4          0          0          0         84   ffix.o
        62          4          0          0          0         84   ffixu.o
        86          0          0          0          0        136   fflt_clz.o
       104          4          0          0          0         84   fleqf.o
       258          4          0          0          0         84   fmul.o
       140          4          0          0          0         84   fnaninf.o
        10          0          0          0          0         68   fretinf.o
        98          0          0          0          0         68   frleqf.o
       100          0          0          0          0         68   retnan.o
        92          0          0          0          0         68   scalbn.o
        48          0          0          0          0         68   trapv.o
         0          0          0          0          0          0   usenofp.o
       624         52         80          0          0        168   asin.o
       156          8          0          0          0        104   cos.o
       252         22         48          0          0        124   cos_i.o
        34          6          0          0          0        204   dunder.o
        40          0          0          0          0         68   fpclassify.o
       170          0          0          0          0         96   poly.o
       904         76        200          0          0        140   rred.o
       160         10          0          0          0        108   sin.o
       236         12         40          0          0        128   sin_i.o
        76          0          0          0          0         84   sqrt.o

    ----------------------------------------------------------------------
      8176        562        368          0        100       5000   Library Totals
        34          0          0          0          4          0   (incl. Padding)

    ----------------------------------------------------------------------

      Code (inc. data)   RO Data    RW Data    ZI Data      Debug   Library Name

       360         20          0          0         96        744   c_w.l
      5130        356          0          0          0       3032   fz_ws.l
      2652        186        368          0          0       1224   m_ws.l

    ----------------------------------------------------------------------
      8176        562        368          0        100       5000   Library Totals

    ----------------------------------------------------------------------

==============================================================================


      Code (inc. data)   RO Data    RW Data    ZI Data      Debug   

     50328       2306        704       1512      10464     684998   Grand Totals
     50328       2306        704       1172      10464     684998   ELF Image Totals (compressed)
     50328       2306        704       1172          0          0   ROM Totals

==============================================================================

    Total RO  Size (Code + RO Data)                51032 (  49.84kB)
    Total RW  Size (RW Data + ZI Data)             11976 (  11.70kB)
    Total ROM Size (Code + RO Data + RW Data)      52204 (  50.98kB)

==============================================================================

