<html>
<body>
<pre>
<h1>礦ision Build Log</h1>
<h2>Tool Versions:</h2>
IDE-Version: μVision V5.22.0.0
Copyright (C) 2016 ARM Ltd and ARM Germany GmbH. All rights reserved.
License Information: 23 Q, 1231, LIC=V852Z-JJH4H-150TV-PHXIK-3XTR0-TDUN0
 
Tool Versions:
Toolchain:       MDK-ARM Professional  Version: 5.22
Toolchain Path:  D:\KEIL\ARM\ARMCC\Bin
C Compiler:      Armcc.exe V5.06 update 4 (build 422)
Assembler:       Armasm.exe V5.06 update 4 (build 422)
Linker/Locator:  ArmLink.exe V5.06 update 4 (build 422)
Library Manager: ArmAr.exe V5.06 update 4 (build 422)
Hex Converter:   FromElf.exe V5.06 update 4 (build 422)
CPU DLL:         SARMCM3.DLL V5.22
Dialog DLL:      DARMSTM.DLL V1.67.0.0
Target DLL:      Segger\JL2CM3.dll V2.99.23.0
Dialog DLL:      TARMSTM.DLL V1.66.0.0
 
<h2>Project:</h2>
E:\无人机\我的飞机\四轴姿态完美定高\四轴姿态完美定高\四轴\xiao四轴V3.5\User\FlyControl.uvprojx
Project File Date:  04/03/2018

<h2>Output:</h2>
*** Using Compiler 'V5.06 update 4 (build 422)', folder: 'D:\KEIL\ARM\ARMCC\Bin'
Build target 'flycontrol'
assembling startup_stm32f10x_hd.s...
compiling core_cm3.c...
compiling stm32f10x_it.c...
compiling main.c...
compiling misc.c...
compiling system_stm32f10x.c...
compiling stm32f10x_adc.c...
compiling stm32f10x_bkp.c...
compiling stm32f10x_can.c...
compiling stm32f10x_cec.c...
compiling stm32f10x_dbgmcu.c...
compiling stm32f10x_dac.c...
compiling stm32f10x_exti.c...
compiling stm32f10x_crc.c...
compiling stm32f10x_dma.c...
compiling stm32f10x_gpio.c...
compiling stm32f10x_flash.c...
compiling stm32f10x_iwdg.c...
compiling stm32f10x_i2c.c...
compiling stm32f10x_pwr.c...
compiling stm32f10x_rtc.c...
compiling stm32f10x_rcc.c...
compiling stm32f10x_sdio.c...
compiling stm32f10x_spi.c...
compiling stm32f10x_usart.c...
compiling stm32f10x_wwdg.c...
compiling stm32f10x_tim.c...
compiling mymath.c...
compiling Algorithm_ahrs.c...
compiling Fc_Seedestimated.c...
compiling filter.c...
compiling device_adc.c...
compiling device_iic.c...
compiling device_spi.c...
compiling device_timer.c...
compiling device_uart.c...
compiling device_pwm_out.c...
compiling device_bluetooth.c...
compiling device_mpc2520.c...
compiling device_nrf24l01.c...
compiling device_flash.c...
compiling driver_voltage.c...
compiling device_led.c...
compiling device_mpu6050.c...
compiling driver_mpu6050.c...
compiling device_flow.c...
compiling Fc_init.c...
compiling Fc_control.c...
compiling Fc_systream_time.c...
compiling Fc_scheduler.c...
compiling Fc_parameter.c...
compiling Fc_revice.c...
compiling Fc_data_transfer.c...
linking...
Program Size: Code=47672 RO-data=704 RW-data=1492 ZI-data=10172  
FromELF: creating hex file...
"..\OBJ\24L01.axf" - 0 Error(s), 0 Warning(s).

<h2>Collection of Component include folders:</h2>
  E:\无人机\我的飞机\四轴姿态完美定高\四轴姿态完美定高\四轴\xiao四轴V3.5\User\RTE\_flycontrol
  D:\KEIL\ARM\PACK\Keil\STM32F1xx_DFP\2.1.0\Device\Include

<h2>Collection of Component Files used:</h2>
Build Time Elapsed:  00:00:13
</pre>
</body>
</html>
